Component: ARM Compiler 5.06 update 6 (build 750) Tool: armlink [4d35ed]

==============================================================================

Section Cross References

    systick.o(i.SysTick_Wait10ms) refers to systick.o(i.SysTick_Wait) for SysTick_Wait
    vl53l1_platform_2dx4.o(i.VL53L1_RdByte) refers to vl53l1_platform_2dx4.o(i.beginTxI2C) for beginTxI2C
    vl53l1_platform_2dx4.o(i.VL53L1_RdByte) refers to vl53l1_platform_2dx4.o(i.writeRegisterIndex) for writeRegisterIndex
    vl53l1_platform_2dx4.o(i.VL53L1_RdByte) refers to vl53l1_platform_2dx4.o(i.beginRxI2C) for beginRxI2C
    vl53l1_platform_2dx4.o(i.VL53L1_RdByte) refers to vl53l1_platform_2dx4.o(i.readI2C) for readI2C
    vl53l1_platform_2dx4.o(i.VL53L1_RdDWord) refers to vl53l1_platform_2dx4.o(i.beginTxI2C) for beginTxI2C
    vl53l1_platform_2dx4.o(i.VL53L1_RdDWord) refers to vl53l1_platform_2dx4.o(i.writeRegisterIndex) for writeRegisterIndex
    vl53l1_platform_2dx4.o(i.VL53L1_RdDWord) refers to vl53l1_platform_2dx4.o(i.beginRxI2C) for beginRxI2C
    vl53l1_platform_2dx4.o(i.VL53L1_RdDWord) refers to vl53l1_platform_2dx4.o(i.readI2C) for readI2C
    vl53l1_platform_2dx4.o(i.VL53L1_RdWord) refers to vl53l1_platform_2dx4.o(i.beginTxI2C) for beginTxI2C
    vl53l1_platform_2dx4.o(i.VL53L1_RdWord) refers to vl53l1_platform_2dx4.o(i.writeRegisterIndex) for writeRegisterIndex
    vl53l1_platform_2dx4.o(i.VL53L1_RdWord) refers to vl53l1_platform_2dx4.o(i.beginRxI2C) for beginRxI2C
    vl53l1_platform_2dx4.o(i.VL53L1_RdWord) refers to vl53l1_platform_2dx4.o(i.readI2C) for readI2C
    vl53l1_platform_2dx4.o(i.VL53L1_ReadMulti) refers to vl53l1_platform_2dx4.o(i.beginTxI2C) for beginTxI2C
    vl53l1_platform_2dx4.o(i.VL53L1_ReadMulti) refers to vl53l1_platform_2dx4.o(i.writeRegisterIndex) for writeRegisterIndex
    vl53l1_platform_2dx4.o(i.VL53L1_ReadMulti) refers to vl53l1_platform_2dx4.o(i.beginRxI2C) for beginRxI2C
    vl53l1_platform_2dx4.o(i.VL53L1_ReadMulti) refers to vl53l1_platform_2dx4.o(i.readI2C) for readI2C
    vl53l1_platform_2dx4.o(i.VL53L1_WaitMs) refers to systick.o(i.SysTick_Wait) for SysTick_Wait
    vl53l1_platform_2dx4.o(i.VL53L1_WrByte) refers to vl53l1_platform_2dx4.o(i.beginTxI2C) for beginTxI2C
    vl53l1_platform_2dx4.o(i.VL53L1_WrByte) refers to vl53l1_platform_2dx4.o(i.writeRegisterIndex_nostop) for writeRegisterIndex_nostop
    vl53l1_platform_2dx4.o(i.VL53L1_WrByte) refers to vl53l1_platform_2dx4.o(i.writeI2C) for writeI2C
    vl53l1_platform_2dx4.o(i.VL53L1_WrDWord) refers to vl53l1_platform_2dx4.o(i.beginTxI2C) for beginTxI2C
    vl53l1_platform_2dx4.o(i.VL53L1_WrDWord) refers to vl53l1_platform_2dx4.o(i.writeRegisterIndex) for writeRegisterIndex
    vl53l1_platform_2dx4.o(i.VL53L1_WrDWord) refers to vl53l1_platform_2dx4.o(i.writeI2C) for writeI2C
    vl53l1_platform_2dx4.o(i.VL53L1_WrWord) refers to vl53l1_platform_2dx4.o(i.beginTxI2C) for beginTxI2C
    vl53l1_platform_2dx4.o(i.VL53L1_WrWord) refers to vl53l1_platform_2dx4.o(i.writeRegisterIndex) for writeRegisterIndex
    vl53l1_platform_2dx4.o(i.VL53L1_WrWord) refers to vl53l1_platform_2dx4.o(i.writeI2C) for writeI2C
    vl53l1_platform_2dx4.o(i.VL53L1_WriteMulti) refers to vl53l1_platform_2dx4.o(i.beginTxI2C) for beginTxI2C
    vl53l1_platform_2dx4.o(i.VL53L1_WriteMulti) refers to vl53l1_platform_2dx4.o(i.writeRegisterIndex) for writeRegisterIndex
    vl53l1_platform_2dx4.o(i.VL53L1_WriteMulti) refers to vl53l1_platform_2dx4.o(i.writeI2C) for writeI2C
    vl53l1_platform_2dx4.o(i.readI2C) refers to onboardleds.o(i.FlashI2CRx) for FlashI2CRx
    vl53l1_platform_2dx4.o(i.readI2C) refers to onboardleds.o(i.FlashI2CError) for FlashI2CError
    vl53l1_platform_2dx4.o(i.writeI2C) refers to onboardleds.o(i.FlashI2CTx) for FlashI2CTx
    vl53l1_platform_2dx4.o(i.writeI2C) refers to onboardleds.o(i.FlashI2CError) for FlashI2CError
    vl53l1_platform_2dx4.o(i.writeRegisterIndex) refers to onboardleds.o(i.FlashI2CTx) for FlashI2CTx
    vl53l1_platform_2dx4.o(i.writeRegisterIndex) refers to onboardleds.o(i.FlashI2CError) for FlashI2CError
    vl53l1_platform_2dx4.o(i.writeRegisterIndex_nostop) refers to onboardleds.o(i.FlashI2CTx) for FlashI2CTx
    vl53l1_platform_2dx4.o(i.writeRegisterIndex_nostop) refers to onboardleds.o(i.FlashI2CError) for FlashI2CError
    vl53l1x_api.o(i.VL53L1X_BootState) refers to vl53l1_platform_2dx4.o(i.VL53L1_RdByte) for VL53L1_RdByte
    vl53l1x_api.o(i.VL53L1X_CheckForDataReady) refers to vl53l1x_api.o(i.VL53L1X_GetInterruptPolarity) for VL53L1X_GetInterruptPolarity
    vl53l1x_api.o(i.VL53L1X_CheckForDataReady) refers to vl53l1_platform_2dx4.o(i.VL53L1_RdByte) for VL53L1_RdByte
    vl53l1x_api.o(i.VL53L1X_ClearInterrupt) refers to vl53l1_platform_2dx4.o(i.VL53L1_WrByte) for VL53L1_WrByte
    vl53l1x_api.o(i.VL53L1X_GetAmbientPerSpad) refers to vl53l1_platform_2dx4.o(i.VL53L1_RdWord) for VL53L1_RdWord
[...]
    Removing vl53l1x_api.o(i.VL53L1X_SetTimingBudgetInMs), (434 bytes).
    Removing vl53l1x_api.o(i.VL53L1X_SetXtalk), (64 bytes).
    Removing vl53l1x_api.o(i.VL53L1X_StartTemperatureUpdate), (110 bytes).
    Removing vl53l1x_api.o(.bss), (1023 bytes).
    Removing uart.o(i.UART_InChar), (28 bytes).
    Removing 2dx4_finalproject_rahmay1.o(i.DisableInt), (4 bytes).
    Removing 2dx4_finalproject_rahmay1.o(i.PortG_Init), (100 bytes).
    Removing 2dx4_finalproject_rahmay1.o(i.VL53L1X_XSHUT), (60 bytes).
    Removing 2dx4_finalproject_rahmay1.o(i.WaitForInt), (4 bytes).
    Removing system_msp432e401y.o(.rev16_text), (4 bytes).
    Removing system_msp432e401y.o(.revsh_text), (4 bytes).
    Removing system_msp432e401y.o(.rrx_text), (6 bytes).
    Removing system_msp432e401y.o(i.SystemCoreClockUpdate), (240 bytes).

48 unused section(s) (total 4523 bytes) removed from the image.

==============================================================================

Image Symbol Table

    Local Symbols

    Symbol Name                              Value     Ov Type        Size  Object(Section)

    RESET                                    0x00000000   Section      508  startup_msp432e401y_uvision.o(RESET)
    ../clib/angel/boardlib.s                 0x00000000   Number         0  boardshut.o ABSOLUTE
    ../clib/angel/boardlib.s                 0x00000000   Number         0  boardinit2.o ABSOLUTE
    ../clib/angel/boardlib.s                 0x00000000   Number         0  boardinit3.o ABSOLUTE
    ../clib/angel/boardlib.s                 0x00000000   Number         0  boardinit1.o ABSOLUTE
    ../clib/angel/handlers.s                 0x00000000   Number         0  __scatter_copy.o ABSOLUTE
    ../clib/angel/handlers.s                 0x00000000   Number         0  __scatter_zi.o ABSOLUTE
    ../clib/angel/kernel.s                   0x00000000   Number         0  rtexit.o ABSOLUTE
    ../clib/angel/kernel.s                   0x00000000   Number         0  __rtentry.o ABSOLUTE
    ../clib/angel/kernel.s                   0x00000000   Number         0  rtexit2.o ABSOLUTE
    ../clib/angel/kernel.s                   0x00000000   Number         0  __rtentry2.o ABSOLUTE
    ../clib/angel/kernel.s                   0x00000000   Number         0  __rtentry4.o ABSOLUTE
    ../clib/angel/rt.s                       0x00000000   Number         0  rt_errno_addr_intlibspace.o ABSOLUTE
    ../clib/angel/rt.s                       0x00000000   Number         0  rt_errno_addr.o ABSOLUTE
    ../clib/angel/rt.s                       0x00000000   Number         0  rt_raise.o ABSOLUTE
    ../clib/angel/scatter.s                  0x00000000   Number         0  __scatter.o ABSOLUTE
    ../clib/angel/startup.s                  0x00000000   Number         0  __main.o ABSOLUTE
    ../clib/angel/sys.s                      0x00000000   Number         0  libspace.o ABSOLUTE
    ../clib/angel/sys.s                      0x00000000   Number         0  indicate_semi.o ABSOLUTE
    ../clib/angel/sys.s                      0x00000000   Number         0  use_no_semi.o ABSOLUTE
    ../clib/angel/sys.s                      0x00000000   Number         0  sys_stackheap_outer.o ABSOLUTE
    ../clib/angel/sysapp.c                   0x00000000   Number         0  sys_exit.o ABSOLUTE
    ../clib/angel/sysapp.c                   0x00000000   Number         0  sys_command.o ABSOLUTE
    ../clib/angel/sysapp.c                   0x00000000   Number         0  sys_wrch.o ABSOLUTE
    ../clib/armsys.c                         0x00000000   Number         0  no_argv.o ABSOLUTE
    ../clib/armsys.c                         0x00000000   Number         0  _get_argv_nomalloc.o ABSOLUTE
    ../clib/armsys.c                         0x00000000   Number         0  argv_veneer.o ABSOLUTE
    ../clib/armsys.c                         0x00000000   Number         0  argv_veneer.o ABSOLUTE
    ../clib/fenv.c                           0x00000000   Number         0  _rserrno.o ABSOLUTE
    ../clib/heapalloc.c                      0x00000000   Number         0  hrguard.o ABSOLUTE
    ../clib/heapaux.c                        0x00000000   Number         0  heapauxi.o ABSOLUTE
    ../clib/libinit.s                        0x00000000   Number         0  libshutdown.o ABSOLUTE
    ../clib/libinit.s                        0x00000000   Number         0  libinit2.o ABSOLUTE
    ../clib/libinit.s                        0x00000000   Number         0  libshutdown2.o ABSOLUTE
    ../clib/libinit.s                        0x00000000   Number         0  libinit.o ABSOLUTE
    ../clib/printf.c                         0x00000000   Number         0  __printf_ss.o ABSOLUTE
    ../clib/printf.c                         0x00000000   Number         0  __printf_flags.o ABSOLUTE
    ../clib/printf.c                         0x00000000   Number         0  _printf_dec.o ABSOLUTE
    ../clib/printf.c                         0x00000000   Number         0  __printf.o ABSOLUTE
    ../clib/printf.c                         0x00000000   Number         0  __printf_flags_ss.o ABSOLUTE
    ../clib/printf.c                         0x00000000   Number         0  noretval__2sprintf.o ABSOLUTE
    ../clib/printf.c                         0x00000000   Number         0  __2sprintf.o ABSOLUTE
    ../clib/printf.c                         0x00000000   Number         0  _sputc.o ABSOLUTE
    ../clib/printf.c                         0x00000000   Number         0  _printf_intcommon.o ABSOLUTE
    ../clib/printf.c                         0x00000000   Number         0  __printf_flags_ss_wp.o ABSOLUTE
    ../clib/printf.c                         0x00000000   Number         0  __printf_ss_wp.o ABSOLUTE
    ../clib/printf.c                         0x00000000   Number         0  __printf_flags_wp.o ABSOLUTE
    ../clib/printf.c                         0x00000000   Number         0  __printf_nopercent.o ABSOLUTE
    ../clib/printf.c                         0x00000000   Number         0  __printf_wp.o ABSOLUTE
    ../clib/printf.c                         0x00000000   Number         0  _printf_char_common.o ABSOLUTE
    ../clib/printf_percent.s                 0x00000000   Number         0  _printf_percent.o ABSOLUTE
    ../clib/printf_percent.s                 0x00000000   Number         0  _printf_percent_end.o ABSOLUTE
    ../clib/printf_percent.s                 0x00000000   Number         0  _printf_d.o ABSOLUTE
    ../clib/signal.c                         0x00000000   Number         0  defsig_abrt_inner.o ABSOLUTE
    ../clib/signal.c                         0x00000000   Number         0  defsig_fpe_inner.o ABSOLUTE
    ../clib/signal.c                         0x00000000   Number         0  defsig_rtmem_outer.o ABSOLUTE
    ../clib/signal.c                         0x00000000   Number         0  defsig_rtmem_formal.o ABSOLUTE
    ../clib/signal.c                         0x00000000   Number         0  defsig_general.o ABSOLUTE
    ../clib/signal.c                         0x00000000   Number         0  defsig_exit.o ABSOLUTE
    ../clib/signal.c                         0x00000000   Number         0  defsig_stak_inner.o ABSOLUTE
    ../clib/signal.c                         0x00000000   Number         0  defsig_pvfn_inner.o ABSOLUTE
    ../clib/signal.c                         0x00000000   Number         0  defsig_cppl_inner.o ABSOLUTE
    ../clib/signal.c                         0x00000000   Number         0  defsig_segv_inner.o ABSOLUTE
    ../clib/signal.c                         0x00000000   Number         0  defsig_other.o ABSOLUTE
    ../clib/signal.c                         0x00000000   Number         0  defsig_rtmem_inner.o ABSOLUTE
    ../clib/signal.c                         0x00000000   Number         0  __raise.o ABSOLUTE
    ../clib/signal.c                         0x00000000   Number         0  defsig_rtred_inner.o ABSOLUTE
    ../clib/signal.s                         0x00000000   Number         0  defsig.o ABSOLUTE
    ../clib/stdlib.c                         0x00000000   Number         0  exit.o ABSOLUTE
    ../fplib/basic.s                         0x00000000   Number         0  basic.o ABSOLUTE
    ../fplib/daddsub.s                       0x00000000   Number         0  daddsub_clz.o ABSOLUTE
    ../fplib/dcmpi.s                         0x00000000   Number         0  dcmpi.o ABSOLUTE
    ../fplib/ddiv.s                          0x00000000   Number         0  ddiv.o ABSOLUTE
    ../fplib/dfix.s                          0x00000000   Number         0  dfix.o ABSOLUTE
    ../fplib/dfixu.s                         0x00000000   Number         0  dfixu.o ABSOLUTE
    ../fplib/dflt.s                          0x00000000   Number         0  dflt_clz.o ABSOLUTE
    ../fplib/dleqf.s                         0x00000000   Number         0  dleqf.o ABSOLUTE
    ../fplib/dmul.s                          0x00000000   Number         0  dmul.o ABSOLUTE
    ../fplib/dnaninf.s                       0x00000000   Number         0  dnaninf.o ABSOLUTE
    ../fplib/dretinf.s                       0x00000000   Number         0  dretinf.o ABSOLUTE
    ../fplib/drleqf.s                        0x00000000   Number         0  drleqf.o ABSOLUTE
    ../fplib/drnd.s                          0x00000000   Number         0  drnd.o ABSOLUTE
    ../fplib/fpinit.s                        0x00000000   Number         0  fpinit.o ABSOLUTE
    ../fplib/usenofp.s                       0x00000000   Number         0  usenofp.o ABSOLUTE
    ../mathlib/cos.c                         0x00000000   Number         0  cos_x.o ABSOLUTE
    ../mathlib/cos.c                         0x00000000   Number         0  cos.o ABSOLUTE
    ../mathlib/cos_i.c                       0x00000000   Number         0  cos_i.o ABSOLUTE
    ../mathlib/dunder.c                      0x00000000   Number         0  dunder.o ABSOLUTE
    ../mathlib/fabs.c                        0x00000000   Number         0  fabs.o ABSOLUTE
    ../mathlib/fpclassify.c                  0x00000000   Number         0  fpclassify.o ABSOLUTE
    ../mathlib/poly.c                        0x00000000   Number         0  poly.o ABSOLUTE
    ../mathlib/round.c                       0x00000000   Number         0  round.o ABSOLUTE
    ../mathlib/rred.c                        0x00000000   Number         0  rred.o ABSOLUTE
    ../mathlib/sin.c                         0x00000000   Number         0  sin_x.o ABSOLUTE
    ../mathlib/sin.c                         0x00000000   Number         0  sin.o ABSOLUTE
    ../mathlib/sin_i.c                       0x00000000   Number         0  sin_i.o ABSOLUTE
    ../mathlib/sin_i.c                       0x00000000   Number         0  sin_i_x.o ABSOLUTE
    2DX4_FinalProject_rahmay1.c              0x00000000   Number         0  2dx4_finalproject_rahmay1.o ABSOLUTE
    PLL.c                                    0x00000000   Number         0  pll.o ABSOLUTE
    RTE\Device\MSP432E401Y\startup_msp432e401y_uvision.s 0x00000000   Number         0  startup_msp432e401y_uvision.o ABSOLUTE
    RTE\Device\MSP432E401Y\system_msp432e401y.c 0x00000000   Number         0  system_msp432e401y.o ABSOLUTE
    RTE\\Device\\MSP432E401Y\\system_msp432e401y.c 0x00000000   Number         0  system_msp432e401y.o ABSOLUTE
    SysTick.c                                0x00000000   Number         0  systick.o ABSOLUTE
    VL53L1X_api.c                            0x00000000   Number         0  vl53l1x_api.o ABSOLUTE
    dc.s                                     0x00000000   Number         0  dc.o ABSOLUTE
    onboardLEDs.c                            0x00000000   Number         0  onboardleds.o ABSOLUTE
    uart.c                                   0x00000000   Number         0  uart.o ABSOLUTE
    vl53l1_platform_2dx4.c                   0x00000000   Number         0  vl53l1_platform_2dx4.o ABSOLUTE
    !!!main                                  0x000001fc   Section        8  __main.o(!!!main)
    !!!scatter                               0x00000204   Section       52  __scatter.o(!!!scatter)
    !!handler_copy                           0x00000238   Section       26  __scatter_copy.o(!!handler_copy)
    !!handler_zi                             0x00000254   Section       28  __scatter_zi.o(!!handler_zi)
    .ARM.Collect$$_printf_percent$$00000000  0x00000270   Section        0  _printf_percent.o(.ARM.Collect$$_printf_percent$$00000000)
    .ARM.Collect$$_printf_percent$$00000009  0x00000270   Section        6  _printf_d.o(.ARM.Collect$$_printf_percent$$00000009)
    .ARM.Collect$$_printf_percent$$00000017  0x00000276   Section        4  _printf_percent_end.o(.ARM.Collect$$_printf_percent$$00000017)
    .ARM.Collect$$libinit$$00000000          0x0000027a   Section        2  libinit.o(.ARM.Collect$$libinit$$00000000)
    .ARM.Collect$$libinit$$00000001          0x0000027c   Section        4  libinit2.o(.ARM.Collect$$libinit$$00000001)
    .ARM.Collect$$libinit$$00000004          0x00000280   Section        0  libinit2.o(.ARM.Collect$$libinit$$00000004)
    .ARM.Collect$$libinit$$0000000A          0x00000280   Section        0  libinit2.o(.ARM.Collect$$libinit$$0000000A)
    .ARM.Collect$$libinit$$0000000C          0x00000280   Section        0  libinit2.o(.ARM.Collect$$libinit$$0000000C)
    .ARM.Collect$$libinit$$0000000E          0x00000280   Section        0  libinit2.o(.ARM.Collect$$libinit$$0000000E)
    .ARM.Collect$$libinit$$00000011          0x00000280   Section        0  libinit2.o(.ARM.Collect$$libinit$$00000011)
    .ARM.Collect$$libinit$$00000013          0x00000280   Section        0  libinit2.o(.ARM.Collect$$libinit$$00000013)
    .ARM.Collect$$libinit$$00000015          0x00000280   Section        0  libinit2.o(.ARM.Collect$$libinit$$00000015)
    .ARM.Collect$$libinit$$00000017          0x00000280   Section        0  libinit2.o(.ARM.Collect$$libinit$$00000017)
    .ARM.Collect$$libinit$$00000019          0x00000280   Section        0  libinit2.o(.ARM.Collect$$libinit$$00000019)
    .ARM.Collect$$libinit$$0000001B          0x00000280   Section        0  libinit2.o(.ARM.Collect$$libinit$$0000001B)
    .ARM.Collect$$libinit$$0000001D          0x00000280   Section        0  libinit2.o(.ARM.Collect$$libinit$$0000001D)
    .ARM.Collect$$libinit$$0000001F          0x00000280   Section        0  libinit2.o(.ARM.Collect$$libinit$$0000001F)
    .ARM.Collect$$libinit$$00000021          0x00000280   Section        0  libinit2.o(.ARM.Collect$$libinit$$00000021)
    .ARM.Collect$$libinit$$00000023          0x00000280   Section        0  libinit2.o(.ARM.Collect$$libinit$$00000023)
    .ARM.Collect$$libinit$$00000025          0x00000280   Section        0  libinit2.o(.ARM.Collect$$libinit$$00000025)
    .ARM.Collect$$libinit$$0000002C          0x00000280   Section        0  libinit2.o(.ARM.Collect$$libinit$$0000002C)
    .ARM.Collect$$libinit$$0000002E          0x00000280   Section        0  libinit2.o(.ARM.Collect$$libinit$$0000002E)
    .ARM.Collect$$libinit$$00000030          0x00000280   Section        0  libinit2.o(.ARM.Collect$$libinit$$00000030)
    .ARM.Collect$$libinit$$00000032          0x00000280   Section        0  libinit2.o(.ARM.Collect$$libinit$$00000032)
    .ARM.Collect$$libinit$$00000033          0x00000280   Section        2  libinit2.o(.ARM.Collect$$libinit$$00000033)
    .ARM.Collect$$libshutdown$$00000000      0x00000282   Section        2  libshutdown.o(.ARM.Collect$$libshutdown$$00000000)
    .ARM.Collect$$libshutdown$$00000002      0x00000284   Section        0  libshutdown2.o(.ARM.Collect$$libshutdown$$00000002)
    .ARM.Collect$$libshutdown$$00000004      0x00000284   Section        0  libshutdown2.o(.ARM.Collect$$libshutdown$$00000004)
    .ARM.Collect$$libshutdown$$00000007      0x00000284   Section        0  libshutdown2.o(.ARM.Collect$$libshutdown$$00000007)
    .ARM.Collect$$libshutdown$$0000000A      0x00000284   Section        0  libshutdown2.o(.ARM.Collect$$libshutdown$$0000000A)
    .ARM.Collect$$libshutdown$$0000000C      0x00000284   Section        0  libshutdown2.o(.ARM.Collect$$libshutdown$$0000000C)
    .ARM.Collect$$libshutdown$$0000000F      0x00000284   Section        0  libshutdown2.o(.ARM.Collect$$libshutdown$$0000000F)
    .ARM.Collect$$libshutdown$$00000010      0x00000284   Section        2  libshutdown2.o(.ARM.Collect$$libshutdown$$00000010)
    .ARM.Collect$$rtentry$$00000000          0x00000286   Section        0  __rtentry.o(.ARM.Collect$$rtentry$$00000000)
    .ARM.Collect$$rtentry$$00000002          0x00000286   Section        0  __rtentry2.o(.ARM.Collect$$rtentry$$00000002)
    .ARM.Collect$$rtentry$$00000004          0x00000286   Section        6  __rtentry4.o(.ARM.Collect$$rtentry$$00000004)
    .ARM.Collect$$rtentry$$00000009          0x0000028c   Section        0  __rtentry2.o(.ARM.Collect$$rtentry$$00000009)
    .ARM.Collect$$rtentry$$0000000A          0x0000028c   Section        4  __rtentry2.o(.ARM.Collect$$rtentry$$0000000A)
    .ARM.Collect$$rtentry$$0000000C          0x00000290   Section        0  __rtentry2.o(.ARM.Collect$$rtentry$$0000000C)
    .ARM.Collect$$rtentry$$0000000D          0x00000290   Section        8  __rtentry2.o(.ARM.Collect$$rtentry$$0000000D)
    .ARM.Collect$$rtexit$$00000000           0x00000298   Section        2  rtexit.o(.ARM.Collect$$rtexit$$00000000)
    .ARM.Collect$$rtexit$$00000002           0x0000029a   Section        0  rtexit2.o(.ARM.Collect$$rtexit$$00000002)
    .ARM.Collect$$rtexit$$00000003           0x0000029a   Section        4  rtexit2.o(.ARM.Collect$$rtexit$$00000003)
    .ARM.Collect$$rtexit$$00000004           0x0000029e   Section        6  rtexit2.o(.ARM.Collect$$rtexit$$00000004)
    .text                                    0x000002a4   Section       60  startup_msp432e401y_uvision.o(.text)
    $v0                                      0x000002a4   Number         0  startup_msp432e401y_uvision.o(.text)
    .text                                    0x000002e0   Section        0  noretval__2sprintf.o(.text)
    .text                                    0x00000308   Section        0  __printf.o(.text)
    .text                                    0x00000370   Section        0  _printf_dec.o(.text)
    .text                                    0x000003e8   Section        0  heapauxi.o(.text)
    .text                                    0x000003ee   Section        0  _rserrno.o(.text)
    .text                                    0x00000404   Section        0  _printf_intcommon.o(.text)
    .text                                    0x000004b8   Section        0  _printf_char_common.o(.text)
    _printf_input_char                       0x000004b9   Thumb Code    10  _printf_char_common.o(.text)
    .text                                    0x000004e8   Section        0  _sputc.o(.text)
    .text                                    0x000004f4   Section        8  rt_errno_addr_intlibspace.o(.text)
    .text                                    0x000004fc   Section        8  libspace.o(.text)
    .text                                    0x00000504   Section       74  sys_stackheap_outer.o(.text)
    .text                                    0x0000054e   Section        0  exit.o(.text)
    .text                                    0x00000560   Section        0  sys_exit.o(.text)
    .text                                    0x0000056c   Section        2  use_no_semi.o(.text)
    .text                                    0x0000056e   Section        0  indicate_semi.o(.text)
    i.EnableInt                              0x0000056e   Section        0  2dx4_finalproject_rahmay1.o(i.EnableInt)
    i.ExternalButton_Init                    0x00000574   Section        0  2dx4_finalproject_rahmay1.o(i.ExternalButton_Init)
    i.FlashAllLEDs                           0x00000654   Section        0  onboardleds.o(i.FlashAllLEDs)
    i.FlashI2CError                          0x000006b0   Section        0  onboardleds.o(i.FlashI2CError)
    i.FlashI2CRx                             0x000006c4   Section        0  onboardleds.o(i.FlashI2CRx)
    i.FlashI2CTx                             0x000006ce   Section        0  onboardleds.o(i.FlashI2CTx)
    i.FlashLED1                              0x000006d8   Section        0  onboardleds.o(i.FlashLED1)
    i.FlashLED2                              0x0000071c   Section        0  onboardleds.o(i.FlashLED2)
    i.FlashLED3                              0x00000760   Section        0  onboardleds.o(i.FlashLED3)
    i.FlashLED4                              0x000007a4   Section        0  onboardleds.o(i.FlashLED4)
    i.Forward                                0x000007e8   Section        0  2dx4_finalproject_rahmay1.o(i.Forward)
    i.GPIOJ_IRQHandler                       0x0000082c   Section        0  2dx4_finalproject_rahmay1.o(i.GPIOJ_IRQHandler)
    i.I2C_Init                               0x00000854   Section        0  2dx4_finalproject_rahmay1.o(i.I2C_Init)
    i.PLL_Init                               0x000008e0   Section        0  pll.o(i.PLL_Init)
    i.PortE0_Init                            0x00000a00   Section        0  2dx4_finalproject_rahmay1.o(i.PortE0_Init)
    i.PortL_Init                             0x00000a44   Section        0  2dx4_finalproject_rahmay1.o(i.PortL_Init)
    i.SendTOFDistance                        0x00000a88   Section        0  2dx4_finalproject_rahmay1.o(i.SendTOFDistance)
    i.SetupToF                               0x00000b00   Section        0  2dx4_finalproject_rahmay1.o(i.SetupToF)
    i.Status_Check                           0x00000bd4   Section        0  uart.o(i.Status_Check)
    i.SysTick_Init                           0x00000c2c   Section        0  systick.o(i.SysTick_Init)
    i.SysTick_Wait                           0x00000c44   Section        0  systick.o(i.SysTick_Wait)
    i.SysTick_Wait10ms                       0x00000c64   Section        0  systick.o(i.SysTick_Wait10ms)
    i.SystemInit                             0x00000c80   Section        0  system_msp432e401y.o(i.SystemInit)
    i.UART_Init                              0x00000ca0   Section        0  uart.o(i.UART_Init)
    i.UART_OutChar                           0x00000d6c   Section        0  uart.o(i.UART_OutChar)
    i.UART_printf                            0x00000d84   Section        0  uart.o(i.UART_printf)
    i.VL53L1X_BootState                      0x00000d9c   Section        0  vl53l1x_api.o(i.VL53L1X_BootState)
    i.VL53L1X_CheckForDataReady              0x00000dbe   Section        0  vl53l1x_api.o(i.VL53L1X_CheckForDataReady)
    i.VL53L1X_ClearInterrupt                 0x00000dfc   Section        0  vl53l1x_api.o(i.VL53L1X_ClearInterrupt)
    i.VL53L1X_GetDistance                    0x00000e12   Section        0  vl53l1x_api.o(i.VL53L1X_GetDistance)
    i.VL53L1X_GetInterruptPolarity           0x00000e30   Section        0  vl53l1x_api.o(i.VL53L1X_GetInterruptPolarity)
    i.VL53L1X_GetRangeStatus                 0x00000e64   Section        0  vl53l1x_api.o(i.VL53L1X_GetRangeStatus)
    i.VL53L1X_GetSensorId                    0x00000ea0   Section        0  vl53l1x_api.o(i.VL53L1X_GetSensorId)
    i.VL53L1X_SensorInit                     0x00000ec4   Section        0  vl53l1x_api.o(i.VL53L1X_SensorInit)
    i.VL53L1X_StartRanging                   0x00000fc0   Section        0  vl53l1x_api.o(i.VL53L1X_StartRanging)
    i.VL53L1X_StopRanging                    0x00000fd6   Section        0  vl53l1x_api.o(i.VL53L1X_StopRanging)
    i.VL53L1_RdByte                          0x00000fec   Section        0  vl53l1_platform_2dx4.o(i.VL53L1_RdByte)
    i.VL53L1_RdWord                          0x00001010   Section        0  vl53l1_platform_2dx4.o(i.VL53L1_RdWord)
    i.VL53L1_WaitMs                          0x00001048   Section        0  vl53l1_platform_2dx4.o(i.VL53L1_WaitMs)
    i.VL53L1_WrByte                          0x00001068   Section        0  vl53l1_platform_2dx4.o(i.VL53L1_WrByte)
    i.__ARM_fpclassify                       0x00001086   Section        0  fpclassify.o(i.__ARM_fpclassify)
    i.__hardfp_cos                           0x000010b8   Section        0  cos.o(i.__hardfp_cos)
    i.__hardfp_round                         0x00001180   Section        0  round.o(i.__hardfp_round)
    i.__hardfp_sin                           0x00001260   Section        0  sin.o(i.__hardfp_sin)
    i.__ieee754_rem_pio2                     0x00001328   Section        0  rred.o(i.__ieee754_rem_pio2)
    i.__kernel_cos                           0x00001760   Section        0  cos_i.o(i.__kernel_cos)
    i.__kernel_poly                          0x000018d0   Section        0  poly.o(i.__kernel_poly)
    i.__kernel_sin                           0x000019c8   Section        0  sin_i.o(i.__kernel_sin)
    i.__mathlib_dbl_infnan                   0x00001af8   Section        0  dunder.o(i.__mathlib_dbl_infnan)
    i.__mathlib_dbl_invalid                  0x00001b10   Section        0  dunder.o(i.__mathlib_dbl_invalid)
    i.__mathlib_dbl_underflow                0x00001b30   Section        0  dunder.o(i.__mathlib_dbl_underflow)
    i.beginRxI2C                             0x00001b50   Section        0  vl53l1_platform_2dx4.o(i.beginRxI2C)
    i.beginTxI2C                             0x00001b6c   Section        0  vl53l1_platform_2dx4.o(i.beginTxI2C)
    i.fabs                                   0x00001b88   Section        0  fabs.o(i.fabs)
    i.main                                   0x00001ba0   Section        0  2dx4_finalproject_rahmay1.o(i.main)
    i.onboardLEDs_Init                       0x00001db4   Section        0  onboardleds.o(i.onboardLEDs_Init)
    i.readI2C                                0x00001e78   Section        0  vl53l1_platform_2dx4.o(i.readI2C)
    i.writeI2C                               0x00001ec4   Section        0  vl53l1_platform_2dx4.o(i.writeI2C)
    i.writeRegisterIndex                     0x00001f64   Section        0  vl53l1_platform_2dx4.o(i.writeRegisterIndex)
    i.writeRegisterIndex_nostop              0x00001fec   Section        0  vl53l1_platform_2dx4.o(i.writeRegisterIndex_nostop)
    x$fpl$basic                              0x00002074   Section       24  basic.o(x$fpl$basic)
    $v0                                      0x00002074   Number         0  basic.o(x$fpl$basic)
    x$fpl$dadd                               0x0000208c   Section      336  daddsub_clz.o(x$fpl$dadd)
    $v0                                      0x0000208c   Number         0  daddsub_clz.o(x$fpl$dadd)
    _dadd1                                   0x0000209d   Thumb Code     0  daddsub_clz.o(x$fpl$dadd)
    x$fpl$dcmpinf                            0x000021dc   Section       24  dcmpi.o(x$fpl$dcmpinf)
    $v0                                      0x000021dc   Number         0  dcmpi.o(x$fpl$dcmpinf)
    x$fpl$ddiv                               0x000021f4   Section      688  ddiv.o(x$fpl$ddiv)
    $v0                                      0x000021f4   Number         0  ddiv.o(x$fpl$ddiv)
    ddiv_entry                               0x000021fb   Thumb Code     0  ddiv.o(x$fpl$ddiv)
    x$fpl$dfix                               0x000024a4   Section       94  dfix.o(x$fpl$dfix)
    $v0                                      0x000024a4   Number         0  dfix.o(x$fpl$dfix)
    x$fpl$dflt                               0x00002502   Section       46  dflt_clz.o(x$fpl$dflt)
    $v0                                      0x00002502   Number         0  dflt_clz.o(x$fpl$dflt)
    x$fpl$dfltu                              0x00002530   Section       38  dflt_clz.o(x$fpl$dfltu)
    $v0                                      0x00002530   Number         0  dflt_clz.o(x$fpl$dfltu)
    x$fpl$dleqf                              0x00002558   Section      120  dleqf.o(x$fpl$dleqf)
    $v0                                      0x00002558   Number         0  dleqf.o(x$fpl$dleqf)
    x$fpl$dmul                               0x000025d0   Section      340  dmul.o(x$fpl$dmul)
    $v0                                      0x000025d0   Number         0  dmul.o(x$fpl$dmul)
    x$fpl$dnaninf                            0x00002724   Section      156  dnaninf.o(x$fpl$dnaninf)
    $v0                                      0x00002724   Number         0  dnaninf.o(x$fpl$dnaninf)
    x$fpl$dretinf                            0x000027c0   Section       12  dretinf.o(x$fpl$dretinf)
    $v0                                      0x000027c0   Number         0  dretinf.o(x$fpl$dretinf)
    x$fpl$drleqf                             0x000027cc   Section      108  drleqf.o(x$fpl$drleqf)
    $v0                                      0x000027cc   Number         0  drleqf.o(x$fpl$drleqf)
    x$fpl$drnd                               0x00002838   Section      180  drnd.o(x$fpl$drnd)
    $v0                                      0x00002838   Number         0  drnd.o(x$fpl$drnd)
    x$fpl$drsb                               0x000028ec   Section       22  daddsub_clz.o(x$fpl$drsb)
    $v0                                      0x000028ec   Number         0  daddsub_clz.o(x$fpl$drsb)
    x$fpl$dsub                               0x00002904   Section      468  daddsub_clz.o(x$fpl$dsub)
    $v0                                      0x00002904   Number         0  daddsub_clz.o(x$fpl$dsub)
    _dsub1                                   0x00002915   Thumb Code     0  daddsub_clz.o(x$fpl$dsub)
    x$fpl$fpinit                             0x00002ad8   Section       10  fpinit.o(x$fpl$fpinit)
    $v0                                      0x00002ad8   Number         0  fpinit.o(x$fpl$fpinit)
    .constdata                               0x00002ae2   Section      115  vl53l1x_api.o(.constdata)
    x$fpl$usenofp                            0x00002ae2   Section        0  usenofp.o(x$fpl$usenofp)
    status_rtn                               0x00002b3d   Data          24  vl53l1x_api.o(.constdata)
    .constdata                               0x00002b58   Section       48  cos_i.o(.constdata)
    C                                        0x00002b58   Data          48  cos_i.o(.constdata)
    .constdata                               0x00002b88   Section      200  rred.o(.constdata)
    pio2s                                    0x00002b88   Data          48  rred.o(.constdata)
    twooverpi                                0x00002bb8   Data         152  rred.o(.constdata)
    .constdata                               0x00002c50   Section       40  sin_i.o(.constdata)
    S                                        0x00002c50   Data          40  sin_i.o(.constdata)
    .data                                    0x20000000   Section       28  2dx4_finalproject_rahmay1.o(.data)
    .data                                    0x2000001c   Section        4  system_msp432e401y.o(.data)
    .bss                                     0x20000020   Section     1023  uart.o(.bss)
    printf_buffer                            0x20000020   Data        1023  uart.o(.bss)
    .bss                                     0x20000420   Section     1056  2dx4_finalproject_rahmay1.o(.bss)
    printf_buffer                            0x20000420   Data        1023  2dx4_finalproject_rahmay1.o(.bss)
    .bss                                     0x20000840   Section       96  libspace.o(.bss)
    HEAP                                     0x200008a0   Section        0  startup_msp432e401y_uvision.o(HEAP)
    STACK                                    0x200008a0   Section      512  startup_msp432e401y_uvision.o(STACK)
    Heap_Mem                                 0x200008a0   Data           0  startup_msp432e401y_uvision.o(HEAP)
    Stack_Mem                                0x200008a0   Data         512  startup_msp432e401y_uvision.o(STACK)
    __initial_sp                             0x20000aa0   Data           0  startup_msp432e401y_uvision.o(STACK)

    Global Symbols

    Symbol Name                              Value     Ov Type        Size  Object(Section)

    BuildAttributes$$THM_ISAv4$E$P$D$K$B$S$7EM$VFPi3$EXTD16$VFPS$VFMA$PE$A:L22UL41UL21$X:L11$S22US41US21$IEEE1$IW$USESV6$~STKCKD$USESV7$~SHL$OTIME$ROPI$IEEEX$EBA8$UX$STANDARDLIB$REQ8$PRES8$EABIv2 0x00000000   Number         0  anon$$obj.o ABSOLUTE
    __ARM_use_no_argv                        0x00000000   Number         0  2dx4_finalproject_rahmay1.o ABSOLUTE
    __Vectors                                0x00000000   Data           4  startup_msp432e401y_uvision.o(RESET)
    __ARM_exceptions_init                     - Undefined Weak Reference
    __alloca_initialize                       - Undefined Weak Reference
    __arm_preinit_                            - Undefined Weak Reference
    __cpp_initialize__aeabi_                  - Undefined Weak Reference
    __cxa_finalize                            - Undefined Weak Reference
    __rt_locale                               - Undefined Weak Reference
    __sigvec_lookup                           - Undefined Weak Reference
    _atexit_init                              - Undefined Weak Reference
    _call_atexit_fns                          - Undefined Weak Reference
    _clock_init                               - Undefined Weak Reference
    _fp_trap_init                             - Undefined Weak Reference
    _fp_trap_shutdown                         - Undefined Weak Reference
    _get_lc_collate                           - Undefined Weak Reference
    _get_lc_ctype                             - Undefined Weak Reference
    _get_lc_monetary                          - Undefined Weak Reference
    _get_lc_numeric                           - Undefined Weak Reference
    _get_lc_time                              - Undefined Weak Reference
    _getenv_init                              - Undefined Weak Reference
    _handle_redirection                       - Undefined Weak Reference
    _init_alloc                               - Undefined Weak Reference
    _init_user_alloc                          - Undefined Weak Reference
    _initio                                   - Undefined Weak Reference
    _printf_post_padding                      - Undefined Weak Reference
    _printf_pre_padding                       - Undefined Weak Reference
    _printf_truncate_signed                   - Undefined Weak Reference
    _printf_truncate_unsigned                 - Undefined Weak Reference
    _rand_init                                - Undefined Weak Reference
    _signal_finish                            - Undefined Weak Reference
    _signal_init                              - Undefined Weak Reference
    _terminate_alloc                          - Undefined Weak Reference
    _terminate_user_alloc                     - Undefined Weak Reference
    _terminateio                              - Undefined Weak Reference
    __Vectors_End                            0x000001fc   Data           0  startup_msp432e401y_uvision.o(RESET)
    __Vectors_Size                           0x000001fc   Number         0  startup_msp432e401y_uvision.o ABSOLUTE
    __main                                   0x000001fd   Thumb Code     8  __main.o(!!!main)
    __scatterload                            0x00000205   Thumb Code     0  __scatter.o(!!!scatter)
    __scatterload_rt2                        0x00000205   Thumb Code    44  __scatter.o(!!!scatter)
    __scatterload_rt2_thumb_only             0x00000205   Thumb Code     0  __scatter.o(!!!scatter)
    __scatterload_null                       0x00000213   Thumb Code     0  __scatter.o(!!!scatter)
    __scatterload_copy                       0x00000239   Thumb Code    26  __scatter_copy.o(!!handler_copy)
    __scatterload_zeroinit                   0x00000255   Thumb Code    28  __scatter_zi.o(!!handler_zi)
    _printf_d                                0x00000271   Thumb Code     0  _printf_d.o(.ARM.Collect$$_printf_percent$$00000009)
    _printf_percent                          0x00000271   Thumb Code     0  _printf_percent.o(.ARM.Collect$$_printf_percent$$00000000)
    _printf_percent_end                      0x00000277   Thumb Code     0  _printf_percent_end.o(.ARM.Collect$$_printf_percent$$00000017)
    __rt_lib_init                            0x0000027b   Thumb Code     0  libinit.o(.ARM.Collect$$libinit$$00000000)
    __rt_lib_init_fp_1                       0x0000027d   Thumb Code     0  libinit2.o(.ARM.Collect$$libinit$$00000001)
    __rt_lib_init_alloca_1                   0x00000281   Thumb Code     0  libinit2.o(.ARM.Collect$$libinit$$0000002E)
    __rt_lib_init_argv_1                     0x00000281   Thumb Code     0  libinit2.o(.ARM.Collect$$libinit$$0000002C)
    __rt_lib_init_atexit_1                   0x00000281   Thumb Code     0  libinit2.o(.ARM.Collect$$libinit$$0000001B)
    __rt_lib_init_clock_1                    0x00000281   Thumb Code     0  libinit2.o(.ARM.Collect$$libinit$$00000021)
    __rt_lib_init_cpp_1                      0x00000281   Thumb Code     0  libinit2.o(.ARM.Collect$$libinit$$00000032)
    __rt_lib_init_exceptions_1               0x00000281   Thumb Code     0  libinit2.o(.ARM.Collect$$libinit$$00000030)
    __rt_lib_init_fp_trap_1                  0x00000281   Thumb Code     0  libinit2.o(.ARM.Collect$$libinit$$0000001F)
    __rt_lib_init_getenv_1                   0x00000281   Thumb Code     0  libinit2.o(.ARM.Collect$$libinit$$00000023)
    __rt_lib_init_heap_1                     0x00000281   Thumb Code     0  libinit2.o(.ARM.Collect$$libinit$$0000000A)
    __rt_lib_init_lc_collate_1               0x00000281   Thumb Code     0  libinit2.o(.ARM.Collect$$libinit$$00000011)
    __rt_lib_init_lc_ctype_1                 0x00000281   Thumb Code     0  libinit2.o(.ARM.Collect$$libinit$$00000013)
    __rt_lib_init_lc_monetary_1              0x00000281   Thumb Code     0  libinit2.o(.ARM.Collect$$libinit$$00000015)
    __rt_lib_init_lc_numeric_1               0x00000281   Thumb Code     0  libinit2.o(.ARM.Collect$$libinit$$00000017)
    __rt_lib_init_lc_time_1                  0x00000281   Thumb Code     0  libinit2.o(.ARM.Collect$$libinit$$00000019)
    __rt_lib_init_preinit_1                  0x00000281   Thumb Code     0  libinit2.o(.ARM.Collect$$libinit$$00000004)
    __rt_lib_init_rand_1                     0x00000281   Thumb Code     0  libinit2.o(.ARM.Collect$$libinit$$0000000E)
    __rt_lib_init_return                     0x00000281   Thumb Code     0  libinit2.o(.ARM.Collect$$libinit$$00000033)
    __rt_lib_init_signal_1                   0x00000281   Thumb Code     0  libinit2.o(.ARM.Collect$$libinit$$0000001D)
    __rt_lib_init_stdio_1                    0x00000281   Thumb Code     0  libinit2.o(.ARM.Collect$$libinit$$00000025)
    __rt_lib_init_user_alloc_1               0x00000281   Thumb Code     0  libinit2.o(.ARM.Collect$$libinit$$0000000C)
    __rt_lib_shutdown                        0x00000283   Thumb Code     0  libshutdown.o(.ARM.Collect$$libshutdown$$00000000)
    __rt_lib_shutdown_cpp_1                  0x00000285   Thumb Code     0  libshutdown2.o(.ARM.Collect$$libshutdown$$00000002)
    __rt_lib_shutdown_fp_trap_1              0x00000285   Thumb Code     0  libshutdown2.o(.ARM.Collect$$libshutdown$$00000007)
    __rt_lib_shutdown_heap_1                 0x00000285   Thumb Code     0  libshutdown2.o(.ARM.Collect$$libshutdown$$0000000F)
    __rt_lib_shutdown_return                 0x00000285   Thumb Code     0  libshutdown2.o(.ARM.Collect$$libshutdown$$00000010)
    __rt_lib_shutdown_signal_1               0x00000285   Thumb Code     0  libshutdown2.o(.ARM.Collect$$libshutdown$$0000000A)
    __rt_lib_shutdown_stdio_1                0x00000285   Thumb Code     0  libshutdown2.o(.ARM.Collect$$libshutdown$$00000004)
    __rt_lib_shutdown_user_alloc_1           0x00000285   Thumb Code     0  libshutdown2.o(.ARM.Collect$$libshutdown$$0000000C)
    __rt_entry                               0x00000287   Thumb Code     0  __rtentry.o(.ARM.Collect$$rtentry$$00000000)
    __rt_entry_presh_1                       0x00000287   Thumb Code     0  __rtentry2.o(.ARM.Collect$$rtentry$$00000002)
    __rt_entry_sh                            0x00000287   Thumb Code     0  __rtentry4.o(.ARM.Collect$$rtentry$$00000004)
    __rt_entry_li                            0x0000028d   Thumb Code     0  __rtentry2.o(.ARM.Collect$$rtentry$$0000000A)
    __rt_entry_postsh_1                      0x0000028d   Thumb Code     0  __rtentry2.o(.ARM.Collect$$rtentry$$00000009)
    __rt_entry_main                          0x00000291   Thumb Code     0  __rtentry2.o(.ARM.Collect$$rtentry$$0000000D)
    __rt_entry_postli_1                      0x00000291   Thumb Code     0  __rtentry2.o(.ARM.Collect$$rtentry$$0000000C)
    __rt_exit                                0x00000299   Thumb Code     0  rtexit.o(.ARM.Collect$$rtexit$$00000000)
    __rt_exit_ls                             0x0000029b   Thumb Code     0  rtexit2.o(.ARM.Collect$$rtexit$$00000003)
    __rt_exit_prels_1                        0x0000029b   Thumb Code     0  rtexit2.o(.ARM.Collect$$rtexit$$00000002)
    __rt_exit_exit                           0x0000029f   Thumb Code     0  rtexit2.o(.ARM.Collect$$rtexit$$00000004)
    Reset_Handler                            0x000002a5   Thumb Code     8  startup_msp432e401y_uvision.o(.text)
    NMI_Handler                              0x000002ad   Thumb Code     2  startup_msp432e401y_uvision.o(.text)
    HardFault_Handler                        0x000002af   Thumb Code     2  startup_msp432e401y_uvision.o(.text)
    MemManage_Handler                        0x000002b1   Thumb Code     2  startup_msp432e401y_uvision.o(.text)
    BusFault_Handler                         0x000002b3   Thumb Code     2  startup_msp432e401y_uvision.o(.text)
    UsageFault_Handler                       0x000002b5   Thumb Code     2  startup_msp432e401y_uvision.o(.text)
    SVC_Handler                              0x000002b7   Thumb Code     2  startup_msp432e401y_uvision.o(.text)
    DebugMon_Handler                         0x000002b9   Thumb Code     2  startup_msp432e401y_uvision.o(.text)
    PendSV_Handler                           0x000002bb   Thumb Code     2  startup_msp432e401y_uvision.o(.text)
    SysTick_Handler                          0x000002bd   Thumb Code     2  startup_msp432e401y_uvision.o(.text)
    ADC0SS0_IRQHandler                       0x000002bf   Thumb Code     0  startup_msp432e401y_uvision.o(.text)
    ADC0SS1_IRQHandler                       0x000002bf   Thumb Code     0  startup_msp432e401y_uvision.o(.text)
    ADC0SS2_IRQHandler                       0x000002bf   Thumb Code     0  startup_msp432e401y_uvision.o(.text)
    ADC0SS3_IRQHandler                       0x000002bf   Thumb Code     0  startup_msp432e401y_uvision.o(.text)
    ADC1SS0_IRQHandler                       0x000002bf   Thumb Code     0  startup_msp432e401y_uvision.o(.text)
    ADC1SS1_IRQHandler                       0x000002bf   Thumb Code     0  startup_msp432e401y_uvision.o(.text)
    ADC1SS2_IRQHandler                       0x000002bf   Thumb Code     0  startup_msp432e401y_uvision.o(.text)
    ADC1SS3_IRQHandler                       0x000002bf   Thumb Code     0  startup_msp432e401y_uvision.o(.text)
    AES0_IRQHandler                          0x000002bf   Thumb Code     0  startup_msp432e401y_uvision.o(.text)
    CAN0_IRQHandler                          0x000002bf   Thumb Code     0  startup_msp432e401y_uvision.o(.text)
    CAN1_IRQHandler                          0x000002bf   Thumb Code     0  startup_msp432e401y_uvision.o(.text)
    COMP0_IRQHandler                         0x000002bf   Thumb Code     0  startup_msp432e401y_uvision.o(.text)
    COMP1_IRQHandler                         0x000002bf   Thumb Code     0  startup_msp432e401y_uvision.o(.text)
    COMP2_IRQHandler                         0x000002bf   Thumb Code     0  startup_msp432e401y_uvision.o(.text)
    DES0_IRQHandler                          0x000002bf   Thumb Code     0  startup_msp432e401y_uvision.o(.text)
    EMAC0_IRQHandler                         0x000002bf   Thumb Code     0  startup_msp432e401y_uvision.o(.text)
    EPI0_IRQHandler                          0x000002bf   Thumb Code     0  startup_msp432e401y_uvision.o(.text)
    FLASH_IRQHandler                         0x000002bf   Thumb Code     0  startup_msp432e401y_uvision.o(.text)
    GPIOA_IRQHandler                         0x000002bf   Thumb Code     0  startup_msp432e401y_uvision.o(.text)
    GPIOB_IRQHandler                         0x000002bf   Thumb Code     0  startup_msp432e401y_uvision.o(.text)
    GPIOC_IRQHandler                         0x000002bf   Thumb Code     0  startup_msp432e401y_uvision.o(.text)
    GPIOD_IRQHandler                         0x000002bf   Thumb Code     0  startup_msp432e401y_uvision.o(.text)
    GPIOE_IRQHandler                         0x000002bf   Thumb Code     0  startup_msp432e401y_uvision.o(.text)
    GPIOF_IRQHandler                         0x000002bf   Thumb Code     0  startup_msp432e401y_uvision.o(.text)
    GPIOG_IRQHandler                         0x000002bf   Thumb Code     0  startup_msp432e401y_uvision.o(.text)
    GPIOH_IRQHandler                         0x000002bf   Thumb Code     0  startup_msp432e401y_uvision.o(.text)
    GPIOK_IRQHandler                         0x000002bf   Thumb Code     0  startup_msp432e401y_uvision.o(.text)
    GPIOL_IRQHandler                         0x000002bf   Thumb Code     0  startup_msp432e401y_uvision.o(.text)
    GPIOM_IRQHandler                         0x000002bf   Thumb Code     0  startup_msp432e401y_uvision.o(.text)
    GPION_IRQHandler                         0x000002bf   Thumb Code     0  startup_msp432e401y_uvision.o(.text)
    GPIOP0_IRQHandler                        0x000002bf   Thumb Code     0  startup_msp432e401y_uvision.o(.text)
    GPIOP1_IRQHandler                        0x000002bf   Thumb Code     0  startup_msp432e401y_uvision.o(.text)
    GPIOP2_IRQHandler                        0x000002bf   Thumb Code     0  startup_msp432e401y_uvision.o(.text)
    GPIOP3_IRQHandler                        0x000002bf   Thumb Code     0  startup_msp432e401y_uvision.o(.text)
    GPIOP4_IRQHandler                        0x000002bf   Thumb Code     0  startup_msp432e401y_uvision.o(.text)
    GPIOP5_IRQHandler                        0x000002bf   Thumb Code     0  startup_msp432e401y_uvision.o(.text)
    GPIOP6_IRQHandler                        0x000002bf   Thumb Code     0  startup_msp432e401y_uvision.o(.text)
    GPIOP7_IRQHandler                        0x000002bf   Thumb Code     0  startup_msp432e401y_uvision.o(.text)
    GPIOQ0_IRQHandler                        0x000002bf   Thumb Code     0  startup_msp432e401y_uvision.o(.text)
    GPIOQ1_IRQHandler                        0x000002bf   Thumb Code     0  startup_msp432e401y_uvision.o(.text)
    GPIOQ2_IRQHandler                        0x000002bf   Thumb Code     0  startup_msp432e401y_uvision.o(.text)
    GPIOQ3_IRQHandler                        0x000002bf   Thumb Code     0  startup_msp432e401y_uvision.o(.text)
    GPIOQ4_IRQHandler                        0x000002bf   Thumb Code     0  startup_msp432e401y_uvision.o(.text)
    GPIOQ5_IRQHandler                        0x000002bf   Thumb Code     0  startup_msp432e401y_uvision.o(.text)
    GPIOQ6_IRQHandler                        0x000002bf   Thumb Code     0  startup_msp432e401y_uvision.o(.text)
    GPIOQ7_IRQHandler                        0x000002bf   Thumb Code     0  startup_msp432e401y_uvision.o(.text)
    HIBERNATE_IRQHandler                     0x000002bf   Thumb Code     0  startup_msp432e401y_uvision.o(.text)
    I2C0_IRQHandler                          0x000002bf   Thumb Code     0  startup_msp432e401y_uvision.o(.text)
    I2C1_IRQHandler                          0x000002bf   Thumb Code     0  startup_msp432e401y_uvision.o(.text)
    I2C2_IRQHandler                          0x000002bf   Thumb Code     0  startup_msp432e401y_uvision.o(.text)
    I2C3_IRQHandler                          0x000002bf   Thumb Code     0  startup_msp432e401y_uvision.o(.text)
    I2C4_IRQHandler                          0x000002bf   Thumb Code     0  startup_msp432e401y_uvision.o(.text)
    I2C5_IRQHandler                          0x000002bf   Thumb Code     0  startup_msp432e401y_uvision.o(.text)
    I2C6_IRQHandler                          0x000002bf   Thumb Code     0  startup_msp432e401y_uvision.o(.text)
    I2C7_IRQHandler                          0x000002bf   Thumb Code     0  startup_msp432e401y_uvision.o(.text)
    I2C8_IRQHandler                          0x000002bf   Thumb Code     0  startup_msp432e401y_uvision.o(.text)
    I2C9_IRQHandler                          0x000002bf   Thumb Code     0  startup_msp432e401y_uvision.o(.text)
    PWM0_0_IRQHandler                        0x000002bf   Thumb Code     0  startup_msp432e401y_uvision.o(.text)
    PWM0_1_IRQHandler                        0x000002bf   Thumb Code     0  startup_msp432e401y_uvision.o(.text)
    PWM0_2_IRQHandler                        0x000002bf   Thumb Code     0  startup_msp432e401y_uvision.o(.text)
    PWM0_3_IRQHandler                        0x000002bf   Thumb Code     0  startup_msp432e401y_uvision.o(.text)
    PWM0_FAULT_IRQHandler                    0x000002bf   Thumb Code     0  startup_msp432e401y_uvision.o(.text)
    QEI0_IRQHandler                          0x000002bf   Thumb Code     0  startup_msp432e401y_uvision.o(.text)
    SHA0_IRQHandler                          0x000002bf   Thumb Code     0  startup_msp432e401y_uvision.o(.text)
    SSI0_IRQHandler                          0x000002bf   Thumb Code     0  startup_msp432e401y_uvision.o(.text)
    SSI1_IRQHandler                          0x000002bf   Thumb Code     0  startup_msp432e401y_uvision.o(.text)
    SSI2_IRQHandler                          0x000002bf   Thumb Code     0  startup_msp432e401y_uvision.o(.text)
    SSI3_IRQHandler                          0x000002bf   Thumb Code     0  startup_msp432e401y_uvision.o(.text)
    SYSCTL_IRQHandler                        0x000002bf   Thumb Code     0  startup_msp432e401y_uvision.o(.text)
    SYSEXC_IRQHandler                        0x000002bf   Thumb Code     0  startup_msp432e401y_uvision.o(.text)
    TAMPER0_IRQHandler                       0x000002bf   Thumb Code     0  startup_msp432e401y_uvision.o(.text)
    TIMER0A_IRQHandler                       0x000002bf   Thumb Code     0  startup_msp432e401y_uvision.o(.text)
    TIMER0B_IRQHandler                       0x000002bf   Thumb Code     0  startup_msp432e401y_uvision.o(.text)
    TIMER1A_IRQHandler                       0x000002bf   Thumb Code     0  startup_msp432e401y_uvision.o(.text)
    TIMER1B_IRQHandler                       0x000002bf   Thumb Code     0  startup_msp432e401y_uvision.o(.text)
    TIMER2A_IRQHandler                       0x000002bf   Thumb Code     0  startup_msp432e401y_uvision.o(.text)
    TIMER2B_IRQHandler                       0x000002bf   Thumb Code     0  startup_msp432e401y_uvision.o(.text)
    TIMER3A_IRQHandler                       0x000002bf   Thumb Code     0  startup_msp432e401y_uvision.o(.text)
    TIMER3B_IRQHandler                       0x000002bf   Thumb Code     0  startup_msp432e401y_uvision.o(.text)
    TIMER4A_IRQHandler                       0x000002bf   Thumb Code     0  startup_msp432e401y_uvision.o(.text)
    TIMER4B_IRQHandler                       0x000002bf   Thumb Code     0  startup_msp432e401y_uvision.o(.text)
    TIMER5A_IRQHandler                       0x000002bf   Thumb Code     0  startup_msp432e401y_uvision.o(.text)
    TIMER5B_IRQHandler                       0x000002bf   Thumb Code     0  startup_msp432e401y_uvision.o(.text)
    TIMER6A_IRQHandler                       0x000002bf   Thumb Code     0  startup_msp432e401y_uvision.o(.text)
    TIMER6B_IRQHandler                       0x000002bf   Thumb Code     0  startup_msp432e401y_uvision.o(.text)
    TIMER7A_IRQHandler                       0x000002bf   Thumb Code     0  startup_msp432e401y_uvision.o(.text)
    TIMER7B_IRQHandler                       0x000002bf   Thumb Code     0  startup_msp432e401y_uvision.o(.text)
    UART0_IRQHandler                         0x000002bf   Thumb Code     0  startup_msp432e401y_uvision.o(.text)
    UART1_IRQHandler                         0x000002bf   Thumb Code     0  startup_msp432e401y_uvision.o(.text)
    UART2_IRQHandler                         0x000002bf   Thumb Code     0  startup_msp432e401y_uvision.o(.text)
    UART3_IRQHandler                         0x000002bf   Thumb Code     0  startup_msp432e401y_uvision.o(.text)
    UART4_IRQHandler                         0x000002bf   Thumb Code     0  startup_msp432e401y_uvision.o(.text)
    UART5_IRQHandler                         0x000002bf   Thumb Code     0  startup_msp432e401y_uvision.o(.text)
    UART6_IRQHandler                         0x000002bf   Thumb Code     0  startup_msp432e401y_uvision.o(.text)
    UART7_IRQHandler                         0x000002bf   Thumb Code     0  startup_msp432e401y_uvision.o(.text)
    UDMAERR_IRQHandler                       0x000002bf   Thumb Code     0  startup_msp432e401y_uvision.o(.text)
    UDMA_IRQHandler                          0x000002bf   Thumb Code     0  startup_msp432e401y_uvision.o(.text)
    USB0_IRQHandler                          0x000002bf   Thumb Code     0  startup_msp432e401y_uvision.o(.text)
    WATCHDOG_IRQHandler                      0x000002bf   Thumb Code     0  startup_msp432e401y_uvision.o(.text)
    __user_initial_stackheap                 0x000002c1   Thumb Code    10  startup_msp432e401y_uvision.o(.text)
    __2sprintf                               0x000002e1   Thumb Code    34  noretval__2sprintf.o(.text)
    __printf                                 0x00000309   Thumb Code   104  __printf.o(.text)
    _printf_int_dec                          0x00000371   Thumb Code   104  _printf_dec.o(.text)
    __use_two_region_memory                  0x000003e9   Thumb Code     2  heapauxi.o(.text)
    __rt_heap_escrow$2region                 0x000003eb   Thumb Code     2  heapauxi.o(.text)
    __rt_heap_expand$2region                 0x000003ed   Thumb Code     2  heapauxi.o(.text)
    __read_errno                             0x000003ef   Thumb Code    10  _rserrno.o(.text)
    __set_errno                              0x000003f9   Thumb Code    12  _rserrno.o(.text)
    _printf_int_common                       0x00000405   Thumb Code   178  _printf_intcommon.o(.text)
    _printf_char_common                      0x000004c3   Thumb Code    32  _printf_char_common.o(.text)
    _sputc                                   0x000004e9   Thumb Code    10  _sputc.o(.text)
    __aeabi_errno_addr                       0x000004f5   Thumb Code     8  rt_errno_addr_intlibspace.o(.text)
    __errno$intlibspace                      0x000004f5   Thumb Code     0  rt_errno_addr_intlibspace.o(.text)
    __rt_errno_addr$intlibspace              0x000004f5   Thumb Code     0  rt_errno_addr_intlibspace.o(.text)
    __user_libspace                          0x000004fd   Thumb Code     8  libspace.o(.text)
    __user_perproc_libspace                  0x000004fd   Thumb Code     0  libspace.o(.text)
    __user_perthread_libspace                0x000004fd   Thumb Code     0  libspace.o(.text)
    __user_setup_stackheap                   0x00000505   Thumb Code    74  sys_stackheap_outer.o(.text)
    exit                                     0x0000054f   Thumb Code    18  exit.o(.text)
    _sys_exit                                0x00000561   Thumb Code     8  sys_exit.o(.text)
    __I$use$semihosting                      0x0000056d   Thumb Code     0  use_no_semi.o(.text)
    __use_no_semihosting_swi                 0x0000056d   Thumb Code     2  use_no_semi.o(.text)
    EnableInt                                0x0000056f   Thumb Code     4  2dx4_finalproject_rahmay1.o(i.EnableInt)
    __semihosting_library_function           0x0000056f   Thumb Code     0  indicate_semi.o(.text)
    ExternalButton_Init                      0x00000575   Thumb Code   198  2dx4_finalproject_rahmay1.o(i.ExternalButton_Init)
    FlashAllLEDs                             0x00000655   Thumb Code    78  onboardleds.o(i.FlashAllLEDs)
    FlashI2CError                            0x000006b1   Thumb Code    20  onboardleds.o(i.FlashI2CError)
    FlashI2CRx                               0x000006c5   Thumb Code    10  onboardleds.o(i.FlashI2CRx)
    FlashI2CTx                               0x000006cf   Thumb Code    10  onboardleds.o(i.FlashI2CTx)
    FlashLED1                                0x000006d9   Thumb Code    58  onboardleds.o(i.FlashLED1)
    FlashLED2                                0x0000071d   Thumb Code    58  onboardleds.o(i.FlashLED2)
    FlashLED3                                0x00000761   Thumb Code    58  onboardleds.o(i.FlashLED3)
    FlashLED4                                0x000007a5   Thumb Code    58  onboardleds.o(i.FlashLED4)
    Forward                                  0x000007e9   Thumb Code    58  2dx4_finalproject_rahmay1.o(i.Forward)
    GPIOJ_IRQHandler                         0x0000082d   Thumb Code    30  2dx4_finalproject_rahmay1.o(i.GPIOJ_IRQHandler)
    I2C_Init                                 0x00000855   Thumb Code   114  2dx4_finalproject_rahmay1.o(i.I2C_Init)
    PLL_Init                                 0x000008e1   Thumb Code   276  pll.o(i.PLL_Init)
    PortE0_Init                              0x00000a01   Thumb Code    52  2dx4_finalproject_rahmay1.o(i.PortE0_Init)
    PortL_Init                               0x00000a45   Thumb Code    52  2dx4_finalproject_rahmay1.o(i.PortL_Init)
    SendTOFDistance                          0x00000a89   Thumb Code   100  2dx4_finalproject_rahmay1.o(i.SendTOFDistance)
    SetupToF                                 0x00000b01   Thumb Code   162  2dx4_finalproject_rahmay1.o(i.SetupToF)
    Status_Check                             0x00000bd5   Thumb Code    46  uart.o(i.Status_Check)
    SysTick_Init                             0x00000c2d   Thumb Code    24  systick.o(i.SysTick_Init)
    SysTick_Wait                             0x00000c45   Thumb Code    32  systick.o(i.SysTick_Wait)
    SysTick_Wait10ms                         0x00000c65   Thumb Code    22  systick.o(i.SysTick_Wait10ms)
    SystemInit                               0x00000c81   Thumb Code    20  system_msp432e401y.o(i.SystemInit)
    UART_Init                                0x00000ca1   Thumb Code   172  uart.o(i.UART_Init)
    UART_OutChar                             0x00000d6d   Thumb Code    20  uart.o(i.UART_OutChar)
    UART_printf                              0x00000d85   Thumb Code    24  uart.o(i.UART_printf)
    VL53L1X_BootState                        0x00000d9d   Thumb Code    34  vl53l1x_api.o(i.VL53L1X_BootState)
    VL53L1X_CheckForDataReady                0x00000dbf   Thumb Code    62  vl53l1x_api.o(i.VL53L1X_CheckForDataReady)
    VL53L1X_ClearInterrupt                   0x00000dfd   Thumb Code    22  vl53l1x_api.o(i.VL53L1X_ClearInterrupt)
    VL53L1X_GetDistance                      0x00000e13   Thumb Code    30  vl53l1x_api.o(i.VL53L1X_GetDistance)
    VL53L1X_GetInterruptPolarity             0x00000e31   Thumb Code    50  vl53l1x_api.o(i.VL53L1X_GetInterruptPolarity)
    VL53L1X_GetRangeStatus                   0x00000e65   Thumb Code    56  vl53l1x_api.o(i.VL53L1X_GetRangeStatus)
    VL53L1X_GetSensorId                      0x00000ea1   Thumb Code    36  vl53l1x_api.o(i.VL53L1X_GetSensorId)
    VL53L1X_SensorInit                       0x00000ec5   Thumb Code   174  vl53l1x_api.o(i.VL53L1X_SensorInit)
    VL53L1X_StartRanging                     0x00000fc1   Thumb Code    22  vl53l1x_api.o(i.VL53L1X_StartRanging)
    VL53L1X_StopRanging                      0x00000fd7   Thumb Code    22  vl53l1x_api.o(i.VL53L1X_StopRanging)
    VL53L1_RdByte                            0x00000fed   Thumb Code    36  vl53l1_platform_2dx4.o(i.VL53L1_RdByte)
    VL53L1_RdWord                            0x00001011   Thumb Code    56  vl53l1_platform_2dx4.o(i.VL53L1_RdWord)
    VL53L1_WaitMs                            0x00001049   Thumb Code    26  vl53l1_platform_2dx4.o(i.VL53L1_WaitMs)
    VL53L1_WrByte                            0x00001069   Thumb Code    30  vl53l1_platform_2dx4.o(i.VL53L1_WrByte)
    __ARM_fpclassify                         0x00001087   Thumb Code    48  fpclassify.o(i.__ARM_fpclassify)
    __hardfp_cos                             0x000010b9   Thumb Code   180  cos.o(i.__hardfp_cos)
    __hardfp_round                           0x00001181   Thumb Code   194  round.o(i.__hardfp_round)
    __hardfp_sin                             0x00001261   Thumb Code   180  sin.o(i.__hardfp_sin)
    __ieee754_rem_pio2                       0x00001329   Thumb Code   938  rred.o(i.__ieee754_rem_pio2)
    __kernel_cos                             0x00001761   Thumb Code   322  cos_i.o(i.__kernel_cos)
    __kernel_poly                            0x000018d1   Thumb Code   248  poly.o(i.__kernel_poly)
    __kernel_sin                             0x000019c9   Thumb Code   280  sin_i.o(i.__kernel_sin)
    __mathlib_dbl_infnan                     0x00001af9   Thumb Code    20  dunder.o(i.__mathlib_dbl_infnan)
    __mathlib_dbl_invalid                    0x00001b11   Thumb Code    24  dunder.o(i.__mathlib_dbl_invalid)
    __mathlib_dbl_underflow                  0x00001b31   Thumb Code    24  dunder.o(i.__mathlib_dbl_underflow)
    beginRxI2C                               0x00001b51   Thumb Code    24  vl53l1_platform_2dx4.o(i.beginRxI2C)
    beginTxI2C                               0x00001b6d   Thumb Code    24  vl53l1_platform_2dx4.o(i.beginTxI2C)
    fabs                                     0x00001b89   Thumb Code    24  fabs.o(i.fabs)
    main                                     0x00001ba1   Thumb Code   472  2dx4_finalproject_rahmay1.o(i.main)
    onboardLEDs_Init                         0x00001db5   Thumb Code   172  onboardleds.o(i.onboardLEDs_Init)
    readI2C                                  0x00001e79   Thumb Code    70  vl53l1_platform_2dx4.o(i.readI2C)
    writeI2C                                 0x00001ec5   Thumb Code   154  vl53l1_platform_2dx4.o(i.writeI2C)
    writeRegisterIndex                       0x00001f65   Thumb Code   132  vl53l1_platform_2dx4.o(i.writeRegisterIndex)
    writeRegisterIndex_nostop                0x00001fed   Thumb Code   132  vl53l1_platform_2dx4.o(i.writeRegisterIndex_nostop)
    __aeabi_dneg                             0x00002075   Thumb Code     0  basic.o(x$fpl$basic)
    _dneg                                    0x00002075   Thumb Code     6  basic.o(x$fpl$basic)
    __aeabi_fneg                             0x0000207b   Thumb Code     0  basic.o(x$fpl$basic)
    _fneg                                    0x0000207b   Thumb Code     6  basic.o(x$fpl$basic)
    _dabs                                    0x00002081   Thumb Code     6  basic.o(x$fpl$basic)
    _fabs                                    0x00002087   Thumb Code     6  basic.o(x$fpl$basic)
    __aeabi_dadd                             0x0000208d   Thumb Code     0  daddsub_clz.o(x$fpl$dadd)
    _dadd                                    0x0000208d   Thumb Code   332  daddsub_clz.o(x$fpl$dadd)
    __fpl_dcmp_Inf                           0x000021dd   Thumb Code    24  dcmpi.o(x$fpl$dcmpinf)
    __aeabi_ddiv                             0x000021f5   Thumb Code     0  ddiv.o(x$fpl$ddiv)
    _ddiv                                    0x000021f5   Thumb Code   552  ddiv.o(x$fpl$ddiv)
    __aeabi_d2iz                             0x000024a5   Thumb Code     0  dfix.o(x$fpl$dfix)
    _dfix                                    0x000024a5   Thumb Code    94  dfix.o(x$fpl$dfix)
    __aeabi_i2d                              0x00002503   Thumb Code     0  dflt_clz.o(x$fpl$dflt)
    _dflt                                    0x00002503   Thumb Code    46  dflt_clz.o(x$fpl$dflt)
    __aeabi_ui2d                             0x00002531   Thumb Code     0  dflt_clz.o(x$fpl$dfltu)
    _dfltu                                   0x00002531   Thumb Code    38  dflt_clz.o(x$fpl$dfltu)
    __aeabi_cdcmple                          0x00002559   Thumb Code     0  dleqf.o(x$fpl$dleqf)
    _dcmple                                  0x00002559   Thumb Code   120  dleqf.o(x$fpl$dleqf)
    __fpl_dcmple_InfNaN                      0x000025bb   Thumb Code     0  dleqf.o(x$fpl$dleqf)
    __aeabi_dmul                             0x000025d1   Thumb Code     0  dmul.o(x$fpl$dmul)
    _dmul                                    0x000025d1   Thumb Code   332  dmul.o(x$fpl$dmul)
    __fpl_dnaninf                            0x00002725   Thumb Code   156  dnaninf.o(x$fpl$dnaninf)
    __fpl_dretinf                            0x000027c1   Thumb Code    12  dretinf.o(x$fpl$dretinf)
    __aeabi_cdrcmple                         0x000027cd   Thumb Code     0  drleqf.o(x$fpl$drleqf)
    _drcmple                                 0x000027cd   Thumb Code   108  drleqf.o(x$fpl$drleqf)
    _drnd                                    0x00002839   Thumb Code   180  drnd.o(x$fpl$drnd)
    __aeabi_drsub                            0x000028ed   Thumb Code     0  daddsub_clz.o(x$fpl$drsb)
    _drsb                                    0x000028ed   Thumb Code    22  daddsub_clz.o(x$fpl$drsb)
    __aeabi_dsub                             0x00002905   Thumb Code     0  daddsub_clz.o(x$fpl$dsub)
    _dsub                                    0x00002905   Thumb Code   464  daddsub_clz.o(x$fpl$dsub)
    _fp_init                                 0x00002ad9   Thumb Code    10  fpinit.o(x$fpl$fpinit)
    __fplib_config_fpu_vfp                   0x00002ae1   Thumb Code     0  fpinit.o(x$fpl$fpinit)
    __fplib_config_pureend_doubles           0x00002ae1   Thumb Code     0  fpinit.o(x$fpl$fpinit)
    VL51L1X_DEFAULT_CONFIGURATION            0x00002ae2   Data          91  vl53l1x_api.o(.constdata)
    __I$use$fp                               0x00002ae2   Number         0  usenofp.o(x$fpl$usenofp)
    Region$$Table$$Base                      0x00002c78   Number         0  anon$$obj.o(Region$$Table)
    Region$$Table$$Limit                     0x00002c98   Number         0  anon$$obj.o(Region$$Table)
    dev                                      0x20000000   Data           2  2dx4_finalproject_rahmay1.o(.data)
    status                                   0x20000004   Data           4  2dx4_finalproject_rahmay1.o(.data)
    byteData                                 0x20000008   Data           1  2dx4_finalproject_rahmay1.o(.data)
    sensorState                              0x20000009   Data           1  2dx4_finalproject_rahmay1.o(.data)
    wordData                                 0x2000000a   Data           2  2dx4_finalproject_rahmay1.o(.data)
    ToFSensor                                0x2000000c   Data           1  2dx4_finalproject_rahmay1.o(.data)
    Distance                                 0x2000000e   Data           2  2dx4_finalproject_rahmay1.o(.data)
    SignalRate                               0x20000010   Data           2  2dx4_finalproject_rahmay1.o(.data)
    AmbientRate                              0x20000012   Data           2  2dx4_finalproject_rahmay1.o(.data)
    SpadNum                                  0x20000014   Data           2  2dx4_finalproject_rahmay1.o(.data)
    RangeStatus                              0x20000016   Data           1  2dx4_finalproject_rahmay1.o(.data)
    dataReady                                0x20000017   Data           1  2dx4_finalproject_rahmay1.o(.data)
    state                                    0x20000018   Data           4  2dx4_finalproject_rahmay1.o(.data)
    SystemCoreClock                          0x2000001c   Data           4  system_msp432e401y.o(.data)
    arr                                      0x20000820   Data          32  2dx4_finalproject_rahmay1.o(.bss)
    __libspace_start                         0x20000840   Data          96  libspace.o(.bss)
    __temporary_stack_top$libspace           0x200008a0   Data           0  libspace.o(.bss)



==============================================================================

Memory Map of the image

  Image Entry point : 0x000002a5

  Load Region LR_1 (Base: 0x00000000, Size: 0x00002cb8, Max: 0xffffffff, ABSOLUTE)

    Execution Region ER_RO (Exec base: 0x00000000, Load base: 0x00000000, Size: 0x00002c98, Max: 0xffffffff, ABSOLUTE)

    Exec Addr    Load Addr    Size         Type   Attr      Idx    E Section Name        Object

    0x00000000   0x00000000   0x000001fc   Data   RO          654    RESET               startup_msp432e401y_uvision.o
    0x000001fc   0x000001fc   0x00000008   Code   RO          752  * !!!main             c_w.l(__main.o)
    0x00000204   0x00000204   0x00000034   Code   RO         1032    !!!scatter          c_w.l(__scatter.o)
    0x00000238   0x00000238   0x0000001a   Code   RO         1034    !!handler_copy      c_w.l(__scatter_copy.o)
    0x00000252   0x00000252   0x00000002   PAD
    0x00000254   0x00000254   0x0000001c   Code   RO         1036    !!handler_zi        c_w.l(__scatter_zi.o)
    0x00000270   0x00000270   0x00000000   Code   RO          749    .ARM.Collect$$_printf_percent$$00000000  c_w.l(_printf_percent.o)
    0x00000270   0x00000270   0x00000006   Code   RO          748    .ARM.Collect$$_printf_percent$$00000009  c_w.l(_printf_d.o)
    0x00000276   0x00000276   0x00000004   Code   RO          811    .ARM.Collect$$_printf_percent$$00000017  c_w.l(_printf_percent_end.o)
    0x0000027a   0x0000027a   0x00000002   Code   RO          905    .ARM.Collect$$libinit$$00000000  c_w.l(libinit.o)
    0x0000027c   0x0000027c   0x00000004   Code   RO          908    .ARM.Collect$$libinit$$00000001  c_w.l(libinit2.o)
    0x00000280   0x00000280   0x00000000   Code   RO          911    .ARM.Collect$$libinit$$00000004  c_w.l(libinit2.o)
    0x00000280   0x00000280   0x00000000   Code   RO          914    .ARM.Collect$$libinit$$0000000A  c_w.l(libinit2.o)
    0x00000280   0x00000280   0x00000000   Code   RO          916    .ARM.Collect$$libinit$$0000000C  c_w.l(libinit2.o)
    0x00000280   0x00000280   0x00000000   Code   RO          918    .ARM.Collect$$libinit$$0000000E  c_w.l(libinit2.o)
    0x00000280   0x00000280   0x00000000   Code   RO          921    .ARM.Collect$$libinit$$00000011  c_w.l(libinit2.o)
    0x00000280   0x00000280   0x00000000   Code   RO          923    .ARM.Collect$$libinit$$00000013  c_w.l(libinit2.o)
    0x00000280   0x00000280   0x00000000   Code   RO          925    .ARM.Collect$$libinit$$00000015  c_w.l(libinit2.o)
    0x00000280   0x00000280   0x00000000   Code   RO          927    .ARM.Collect$$libinit$$00000017  c_w.l(libinit2.o)
    0x00000280   0x00000280   0x00000000   Code   RO          929    .ARM.Collect$$libinit$$00000019  c_w.l(libinit2.o)
    0x00000280   0x00000280   0x00000000   Code   RO          931    .ARM.Collect$$libinit$$0000001B  c_w.l(libinit2.o)
    0x00000280   0x00000280   0x00000000   Code   RO          933    .ARM.Collect$$libinit$$0000001D  c_w.l(libinit2.o)
    0x00000280   0x00000280   0x00000000   Code   RO          935    .ARM.Collect$$libinit$$0000001F  c_w.l(libinit2.o)
    0x00000280   0x00000280   0x00000000   Code   RO          937    .ARM.Collect$$libinit$$00000021  c_w.l(libinit2.o)
    0x00000280   0x00000280   0x00000000   Code   RO          939    .ARM.Collect$$libinit$$00000023  c_w.l(libinit2.o)
    0x00000280   0x00000280   0x00000000   Code   RO          941    .ARM.Collect$$libinit$$00000025  c_w.l(libinit2.o)
    0x00000280   0x00000280   0x00000000   Code   RO          945    .ARM.Collect$$libinit$$0000002C  c_w.l(libinit2.o)
    0x00000280   0x00000280   0x00000000   Code   RO          947    .ARM.Collect$$libinit$$0000002E  c_w.l(libinit2.o)
    0x00000280   0x00000280   0x00000000   Code   RO          949    .ARM.Collect$$libinit$$00000030  c_w.l(libinit2.o)
    0x00000280   0x00000280   0x00000000   Code   RO          951    .ARM.Collect$$libinit$$00000032  c_w.l(libinit2.o)
    0x00000280   0x00000280   0x00000002   Code   RO          952    .ARM.Collect$$libinit$$00000033  c_w.l(libinit2.o)
    0x00000282   0x00000282   0x00000002   Code   RO          972    .ARM.Collect$$libshutdown$$00000000  c_w.l(libshutdown.o)
    0x00000284   0x00000284   0x00000000   Code   RO          985    .ARM.Collect$$libshutdown$$00000002  c_w.l(libshutdown2.o)
    0x00000284   0x00000284   0x00000000   Code   RO          987    .ARM.Collect$$libshutdown$$00000004  c_w.l(libshutdown2.o)
    0x00000284   0x00000284   0x00000000   Code   RO          990    .ARM.Collect$$libshutdown$$00000007  c_w.l(libshutdown2.o)
    0x00000284   0x00000284   0x00000000   Code   RO          993    .ARM.Collect$$libshutdown$$0000000A  c_w.l(libshutdown2.o)
    0x00000284   0x00000284   0x00000000   Code   RO          995    .ARM.Collect$$libshutdown$$0000000C  c_w.l(libshutdown2.o)
    0x00000284   0x00000284   0x00000000   Code   RO          998    .ARM.Collect$$libshutdown$$0000000F  c_w.l(libshutdown2.o)
    0x00000284   0x00000284   0x00000002   Code   RO          999    .ARM.Collect$$libshutdown$$00000010  c_w.l(libshutdown2.o)
    0x00000286   0x00000286   0x00000000   Code   RO          802    .ARM.Collect$$rtentry$$00000000  c_w.l(__rtentry.o)
    0x00000286   0x00000286   0x00000000   Code   RO          860    .ARM.Collect$$rtentry$$00000002  c_w.l(__rtentry2.o)
    0x00000286   0x00000286   0x00000006   Code   RO          872    .ARM.Collect$$rtentry$$00000004  c_w.l(__rtentry4.o)
    0x0000028c   0x0000028c   0x00000000   Code   RO          862    .ARM.Collect$$rtentry$$00000009  c_w.l(__rtentry2.o)
    0x0000028c   0x0000028c   0x00000004   Code   RO          863    .ARM.Collect$$rtentry$$0000000A  c_w.l(__rtentry2.o)
    0x00000290   0x00000290   0x00000000   Code   RO          865    .ARM.Collect$$rtentry$$0000000C  c_w.l(__rtentry2.o)
    0x00000290   0x00000290   0x00000008   Code   RO          866    .ARM.Collect$$rtentry$$0000000D  c_w.l(__rtentry2.o)
    0x00000298   0x00000298   0x00000002   Code   RO          906    .ARM.Collect$$rtexit$$00000000  c_w.l(rtexit.o)
    0x0000029a   0x0000029a   0x00000000   Code   RO          954    .ARM.Collect$$rtexit$$00000002  c_w.l(rtexit2.o)
    0x0000029a   0x0000029a   0x00000004   Code   RO          955    .ARM.Collect$$rtexit$$00000003  c_w.l(rtexit2.o)
    0x0000029e   0x0000029e   0x00000006   Code   RO          956    .ARM.Collect$$rtexit$$00000004  c_w.l(rtexit2.o)
    0x000002a4   0x000002a4   0x0000003c   Code   RO          655  * .text               startup_msp432e401y_uvision.o
    0x000002e0   0x000002e0   0x00000028   Code   RO          722    .text               c_w.l(noretval__2sprintf.o)
    0x00000308   0x00000308   0x00000068   Code   RO          724    .text               c_w.l(__printf.o)
    0x00000370   0x00000370   0x00000078   Code   RO          726    .text               c_w.l(_printf_dec.o)
    0x000003e8   0x000003e8   0x00000006   Code   RO          750    .text               c_w.l(heapauxi.o)
    0x000003ee   0x000003ee   0x00000016   Code   RO          803    .text               c_w.l(_rserrno.o)
    0x00000404   0x00000404   0x000000b2   Code   RO          805    .text               c_w.l(_printf_intcommon.o)
    0x000004b6   0x000004b6   0x00000002   PAD
    0x000004b8   0x000004b8   0x00000030   Code   RO          807    .text               c_w.l(_printf_char_common.o)
    0x000004e8   0x000004e8   0x0000000a   Code   RO          809    .text               c_w.l(_sputc.o)
    0x000004f2   0x000004f2   0x00000002   PAD
    0x000004f4   0x000004f4   0x00000008   Code   RO          877    .text               c_w.l(rt_errno_addr_intlibspace.o)
    0x000004fc   0x000004fc   0x00000008   Code   RO          893    .text               c_w.l(libspace.o)
    0x00000504   0x00000504   0x0000004a   Code   RO          896    .text               c_w.l(sys_stackheap_outer.o)
    0x0000054e   0x0000054e   0x00000012   Code   RO          898    .text               c_w.l(exit.o)
    0x00000560   0x00000560   0x0000000c   Code   RO          964    .text               c_w.l(sys_exit.o)
    0x0000056c   0x0000056c   0x00000002   Code   RO          975    .text               c_w.l(use_no_semi.o)
    0x0000056e   0x0000056e   0x00000000   Code   RO          977    .text               c_w.l(indicate_semi.o)
    0x0000056e   0x0000056e   0x00000004   Code   RO          552    i.EnableInt         2dx4_finalproject_rahmay1.o
    0x00000572   0x00000572   0x00000002   PAD
    0x00000574   0x00000574   0x000000e0   Code   RO          553    i.ExternalButton_Init  2dx4_finalproject_rahmay1.o
    0x00000654   0x00000654   0x0000005c   Code   RO          449    i.FlashAllLEDs      onboardleds.o
    0x000006b0   0x000006b0   0x00000014   Code   RO          450    i.FlashI2CError     onboardleds.o
    0x000006c4   0x000006c4   0x0000000a   Code   RO          451    i.FlashI2CRx        onboardleds.o
    0x000006ce   0x000006ce   0x0000000a   Code   RO          452    i.FlashI2CTx        onboardleds.o
    0x000006d8   0x000006d8   0x00000044   Code   RO          453    i.FlashLED1         onboardleds.o
    0x0000071c   0x0000071c   0x00000044   Code   RO          454    i.FlashLED2         onboardleds.o
    0x00000760   0x00000760   0x00000044   Code   RO          455    i.FlashLED3         onboardleds.o
    0x000007a4   0x000007a4   0x00000044   Code   RO          456    i.FlashLED4         onboardleds.o
    0x000007e8   0x000007e8   0x00000044   Code   RO          554    i.Forward           2dx4_finalproject_rahmay1.o
    0x0000082c   0x0000082c   0x00000028   Code   RO          555    i.GPIOJ_IRQHandler  2dx4_finalproject_rahmay1.o
    0x00000854   0x00000854   0x0000008c   Code   RO          556    i.I2C_Init          2dx4_finalproject_rahmay1.o
    0x000008e0   0x000008e0   0x00000120   Code   RO            1    i.PLL_Init          pll.o
    0x00000a00   0x00000a00   0x00000044   Code   RO          557    i.PortE0_Init       2dx4_finalproject_rahmay1.o
    0x00000a44   0x00000a44   0x00000044   Code   RO          559    i.PortL_Init        2dx4_finalproject_rahmay1.o
    0x00000a88   0x00000a88   0x00000078   Code   RO          560    i.SendTOFDistance   2dx4_finalproject_rahmay1.o
    0x00000b00   0x00000b00   0x000000d4   Code   RO          561    i.SetupToF          2dx4_finalproject_rahmay1.o
    0x00000bd4   0x00000bd4   0x00000058   Code   RO          509    i.Status_Check      uart.o
    0x00000c2c   0x00000c2c   0x00000018   Code   RO           21    i.SysTick_Init      systick.o
    0x00000c44   0x00000c44   0x00000020   Code   RO           22    i.SysTick_Wait      systick.o
    0x00000c64   0x00000c64   0x0000001c   Code   RO           23    i.SysTick_Wait10ms  systick.o
    0x00000c80   0x00000c80   0x00000020   Code   RO          664    i.SystemInit        system_msp432e401y.o
    0x00000ca0   0x00000ca0   0x000000cc   Code   RO          511    i.UART_Init         uart.o
    0x00000d6c   0x00000d6c   0x00000018   Code   RO          512    i.UART_OutChar      uart.o
    0x00000d84   0x00000d84   0x00000018   Code   RO          513    i.UART_printf       uart.o
    0x00000d9c   0x00000d9c   0x00000022   Code   RO          173    i.VL53L1X_BootState  vl53l1x_api.o
    0x00000dbe   0x00000dbe   0x0000003e   Code   RO          174    i.VL53L1X_CheckForDataReady  vl53l1x_api.o
    0x00000dfc   0x00000dfc   0x00000016   Code   RO          175    i.VL53L1X_ClearInterrupt  vl53l1x_api.o
    0x00000e12   0x00000e12   0x0000001e   Code   RO          178    i.VL53L1X_GetDistance  vl53l1x_api.o
    0x00000e30   0x00000e30   0x00000032   Code   RO          184    i.VL53L1X_GetInterruptPolarity  vl53l1x_api.o
    0x00000e62   0x00000e62   0x00000002   PAD
    0x00000e64   0x00000e64   0x0000003c   Code   RO          188    i.VL53L1X_GetRangeStatus  vl53l1x_api.o
    0x00000ea0   0x00000ea0   0x00000024   Code   RO          191    i.VL53L1X_GetSensorId  vl53l1x_api.o
    0x00000ec4   0x00000ec4   0x000000fc   Code   RO          199    i.VL53L1X_SensorInit  vl53l1x_api.o
    0x00000fc0   0x00000fc0   0x00000016   Code   RO          212    i.VL53L1X_StartRanging  vl53l1x_api.o
    0x00000fd6   0x00000fd6   0x00000016   Code   RO          214    i.VL53L1X_StopRanging  vl53l1x_api.o
    0x00000fec   0x00000fec   0x00000024   Code   RO           45    i.VL53L1_RdByte     vl53l1_platform_2dx4.o
    0x00001010   0x00001010   0x00000038   Code   RO           47    i.VL53L1_RdWord     vl53l1_platform_2dx4.o
    0x00001048   0x00001048   0x00000020   Code   RO           49    i.VL53L1_WaitMs     vl53l1_platform_2dx4.o
    0x00001068   0x00001068   0x0000001e   Code   RO           50    i.VL53L1_WrByte     vl53l1_platform_2dx4.o
    0x00001086   0x00001086   0x00000030   Code   RO          889    i.__ARM_fpclassify  m_wm.l(fpclassify.o)
    0x000010b6   0x000010b6   0x00000002   PAD
    0x000010b8   0x000010b8   0x000000c8   Code   RO          774    i.__hardfp_cos      m_wm.l(cos.o)
    0x00001180   0x00001180   0x000000e0   Code   RO          786    i.__hardfp_round    m_wm.l(round.o)
    0x00001260   0x00001260   0x000000c8   Code   RO          790    i.__hardfp_sin      m_wm.l(sin.o)
    0x00001328   0x00001328   0x00000438   Code   RO          848    i.__ieee754_rem_pio2  m_wm.l(rred.o)
    0x00001760   0x00001760   0x00000170   Code   RO          831    i.__kernel_cos      m_wm.l(cos_i.o)
    0x000018d0   0x000018d0   0x000000f8   Code   RO          891    i.__kernel_poly     m_wm.l(poly.o)
    0x000019c8   0x000019c8   0x00000130   Code   RO          853    i.__kernel_sin      m_wm.l(sin_i.o)
    0x00001af8   0x00001af8   0x00000014   Code   RO          835    i.__mathlib_dbl_infnan  m_wm.l(dunder.o)
    0x00001b0c   0x00001b0c   0x00000004   PAD
    0x00001b10   0x00001b10   0x00000020   Code   RO          837    i.__mathlib_dbl_invalid  m_wm.l(dunder.o)
    0x00001b30   0x00001b30   0x00000020   Code   RO          840    i.__mathlib_dbl_underflow  m_wm.l(dunder.o)
    0x00001b50   0x00001b50   0x0000001c   Code   RO           54    i.beginRxI2C        vl53l1_platform_2dx4.o
    0x00001b6c   0x00001b6c   0x0000001c   Code   RO           55    i.beginTxI2C        vl53l1_platform_2dx4.o
    0x00001b88   0x00001b88   0x00000018   Code   RO          885    i.fabs              m_wm.l(fabs.o)
    0x00001ba0   0x00001ba0   0x00000214   Code   RO          564    i.main              2dx4_finalproject_rahmay1.o
    0x00001db4   0x00001db4   0x000000c4   Code   RO          457    i.onboardLEDs_Init  onboardleds.o
    0x00001e78   0x00001e78   0x0000004c   Code   RO           56    i.readI2C           vl53l1_platform_2dx4.o
    0x00001ec4   0x00001ec4   0x000000a0   Code   RO           57    i.writeI2C          vl53l1_platform_2dx4.o
    0x00001f64   0x00001f64   0x00000088   Code   RO           58    i.writeRegisterIndex  vl53l1_platform_2dx4.o
    0x00001fec   0x00001fec   0x00000088   Code   RO           59    i.writeRegisterIndex_nostop  vl53l1_platform_2dx4.o
    0x00002074   0x00002074   0x00000018   Code   RO          812    x$fpl$basic         fz_wm.l(basic.o)
    0x0000208c   0x0000208c   0x00000150   Code   RO          814    x$fpl$dadd          fz_wm.l(daddsub_clz.o)
    0x000021dc   0x000021dc   0x00000018   Code   RO          881    x$fpl$dcmpinf       fz_wm.l(dcmpi.o)
    0x000021f4   0x000021f4   0x000002b0   Code   RO          755    x$fpl$ddiv          fz_wm.l(ddiv.o)
    0x000024a4   0x000024a4   0x0000005e   Code   RO          758    x$fpl$dfix          fz_wm.l(dfix.o)
    0x00002502   0x00002502   0x0000002e   Code   RO          767    x$fpl$dflt          fz_wm.l(dflt_clz.o)
    0x00002530   0x00002530   0x00000026   Code   RO          766    x$fpl$dfltu         fz_wm.l(dflt_clz.o)
    0x00002556   0x00002556   0x00000002   PAD
    0x00002558   0x00002558   0x00000078   Code   RO          820    x$fpl$dleqf         fz_wm.l(dleqf.o)
    0x000025d0   0x000025d0   0x00000154   Code   RO          772    x$fpl$dmul          fz_wm.l(dmul.o)
    0x00002724   0x00002724   0x0000009c   Code   RO          822    x$fpl$dnaninf       fz_wm.l(dnaninf.o)
    0x000027c0   0x000027c0   0x0000000c   Code   RO          824    x$fpl$dretinf       fz_wm.l(dretinf.o)
    0x000027cc   0x000027cc   0x0000006c   Code   RO          826    x$fpl$drleqf        fz_wm.l(drleqf.o)
    0x00002838   0x00002838   0x000000b4   Code   RO          828    x$fpl$drnd          fz_wm.l(drnd.o)
    0x000028ec   0x000028ec   0x00000016   Code   RO          815    x$fpl$drsb          fz_wm.l(daddsub_clz.o)
    0x00002902   0x00002902   0x00000002   PAD
    0x00002904   0x00002904   0x000001d4   Code   RO          816    x$fpl$dsub          fz_wm.l(daddsub_clz.o)
    0x00002ad8   0x00002ad8   0x0000000a   Code   RO          962    x$fpl$fpinit        fz_wm.l(fpinit.o)
    0x00002ae2   0x00002ae2   0x00000000   Code   RO          830    x$fpl$usenofp       fz_wm.l(usenofp.o)
    0x00002ae2   0x00002ae2   0x00000073   Data   RO          216    .constdata          vl53l1x_api.o
    0x00002b55   0x00002b55   0x00000003   PAD
    0x00002b58   0x00002b58   0x00000030   Data   RO          832    .constdata          m_wm.l(cos_i.o)
    0x00002b88   0x00002b88   0x000000c8   Data   RO          850    .constdata          m_wm.l(rred.o)
    0x00002c50   0x00002c50   0x00000028   Data   RO          854    .constdata          m_wm.l(sin_i.o)
    0x00002c78   0x00002c78   0x00000020   Data   RO         1030    Region$$Table       anon$$obj.o


    Execution Region ER_RW (Exec base: 0x20000000, Load base: 0x00002c98, Size: 0x00000020, Max: 0xffffffff, ABSOLUTE)

    Exec Addr    Load Addr    Size         Type   Attr      Idx    E Section Name        Object

    0x20000000   0x00002c98   0x0000001c   Data   RW          566    .data               2dx4_finalproject_rahmay1.o
    0x2000001c   0x00002cb4   0x00000004   Data   RW          665    .data               system_msp432e401y.o


    Execution Region ER_ZI (Exec base: 0x20000020, Load base: 0x00002cb8, Size: 0x00000a80, Max: 0xffffffff, ABSOLUTE)

    Exec Addr    Load Addr    Size         Type   Attr      Idx    E Section Name        Object

    0x20000020        -       0x000003ff   Zero   RW          514    .bss                uart.o
    0x2000041f   0x00002cb8   0x00000001   PAD
    0x20000420        -       0x00000420   Zero   RW          565    .bss                2dx4_finalproject_rahmay1.o
    0x20000840        -       0x00000060   Zero   RW          894    .bss                c_w.l(libspace.o)
    0x200008a0        -       0x00000000   Zero   RW          653    HEAP                startup_msp432e401y_uvision.o
    0x200008a0        -       0x00000200   Zero   RW          652    STACK               startup_msp432e401y_uvision.o


==============================================================================

Image component sizes


      Code (inc. data)   RO Data    RW Data    ZI Data      Debug   Object Name

      1476        234          0         28       1056       7150   2dx4_finalproject_rahmay1.o
       600         78          0          0          0       4632   onboardleds.o
       288         12          0          0          0       5055   pll.o
        60         22        508          0        512        960   startup_msp432e401y_uvision.o
        32         12          0          4          0        755   system_msp432e401y.o
        84          6          0          0          0       2253   systick.o
       340         78          0          0       1023       2256   uart.o
       718         34          0          0          0       7204   vl53l1_platform_2dx4.o
       590         82        115          0          0       9747   vl53l1x_api.o

    ----------------------------------------------------------------------
      4192        558        658         32       2592      40012   Object Totals
         0          0         32          0          0          0   (incl. Generated)
         4          0          3          0          1          0   (incl. Padding)

    ----------------------------------------------------------------------

      Code (inc. data)   RO Data    RW Data    ZI Data      Debug   Library Member Name

         8          0          0          0          0         68   __main.o
       104          0          0          0          0         84   __printf.o
         0          0          0          0          0          0   __rtentry.o
        12          0          0          0          0          0   __rtentry2.o
         6          0          0          0          0          0   __rtentry4.o
        52          8          0          0          0          0   __scatter.o
        26          0          0          0          0          0   __scatter_copy.o
        28          0          0          0          0          0   __scatter_zi.o
        48          6          0          0          0         96   _printf_char_common.o
         6          0          0          0          0          0   _printf_d.o
       120         16          0          0          0         92   _printf_dec.o
       178          0          0          0          0         88   _printf_intcommon.o
         0          0          0          0          0          0   _printf_percent.o
         4          0          0          0          0          0   _printf_percent_end.o
        22          0          0          0          0        100   _rserrno.o
        10          0          0          0          0         68   _sputc.o
        18          0          0          0          0         80   exit.o
         6          0          0          0          0        152   heapauxi.o
         0          0          0          0          0          0   indicate_semi.o
         2          0          0          0          0          0   libinit.o
         6          0          0          0          0          0   libinit2.o
         2          0          0          0          0          0   libshutdown.o
         2          0          0          0          0          0   libshutdown2.o
         8          4          0          0         96         68   libspace.o
        40          6          0          0          0         84   noretval__2sprintf.o
         8          4          0          0          0         68   rt_errno_addr_intlibspace.o
         2          0          0          0          0          0   rtexit.o
        10          0          0          0          0          0   rtexit2.o
        12          4          0          0          0         68   sys_exit.o
        74          0          0          0          0         80   sys_stackheap_outer.o
         2          0          0          0          0         68   use_no_semi.o
        24          0          0          0          0        164   basic.o
       826         16          0          0          0        492   daddsub_clz.o
        24          0          0          0          0        116   dcmpi.o
       688        140          0          0          0        256   ddiv.o
        94          4          0          0          0        140   dfix.o
        84          0          0          0          0        232   dflt_clz.o
       120          4          0          0          0        140   dleqf.o
       340         12          0          0          0        152   dmul.o
       156          4          0          0          0        140   dnaninf.o
        12          0          0          0          0        116   dretinf.o
       108          0          0          0          0        128   drleqf.o
       180          4          0          0          0        128   drnd.o
        10          0          0          0          0        116   fpinit.o
         0          0          0          0          0          0   usenofp.o
       200         20          0          0          0        164   cos.o
       368         46         48          0          0        200   cos_i.o
        84         16          0          0          0        372   dunder.o
        24          0          0          0          0        124   fabs.o
        48          0          0          0          0        124   fpclassify.o
       248          0          0          0          0        152   poly.o
       224         30          0          0          0        172   round.o
      1080        142        200          0          0        188   rred.o
       200         20          0          0          0        164   sin.o
       304         24         40          0          0        208   sin_i.o

    ----------------------------------------------------------------------
      6278        530        288          0         96       5452   Library Totals
        16          0          0          0          0          0   (incl. Padding)

    ----------------------------------------------------------------------

      Code (inc. data)   RO Data    RW Data    ZI Data      Debug   Library Name

       816         48          0          0         96       1264   c_w.l
      2666        184          0          0          0       2320   fz_wm.l
      2780        298        288          0          0       1868   m_wm.l

    ----------------------------------------------------------------------
      6278        530        288          0         96       5452   Library Totals

    ----------------------------------------------------------------------

==============================================================================


      Code (inc. data)   RO Data    RW Data    ZI Data      Debug   

     10470       1088        946         32       2688      37892   Grand Totals
     10470       1088        946         32       2688      37892   ELF Image Totals
     10470       1088        946         32          0          0   ROM Totals

==============================================================================

    Total RO  Size (Code + RO Data)                11416 (  11.15kB)
    Total RW  Size (RW Data + ZI Data)              2720 (   2.66kB)
    Total ROM Size (Code + RO Data + RW Data)      11448 (  11.18kB)

==============================================================================

